Archive member included to satisfy reference by file (symbol)

c:/nxp/mcuxpressoide_10.3.1_2233/ide/plugins/com.nxp.mcuxpresso.tools.win32_10.3.0.201811011841/tools/bin/../lib/gcc/arm-none-eabi/7.3.1/../../../../arm-none-eabi/lib/thumb/v7e-m/fpv4-sp/hard\libcr_semihost_nf.a(_cr__main.o)
                              ./startup/startup_qn908xc.o (__main)
c:/nxp/mcuxpressoide_10.3.1_2233/ide/plugins/com.nxp.mcuxpresso.tools.win32_10.3.0.201811011841/tools/bin/../lib/gcc/arm-none-eabi/7.3.1/../../../../arm-none-eabi/lib/thumb/v7e-m/fpv4-sp/hard\libcr_semihost_nf.a(_cr_assert.o)
                              ./power_mode_switch/power_mode_switch.o (__assertion_failed)
c:/nxp/mcuxpressoide_10.3.1_2233/ide/plugins/com.nxp.mcuxpresso.tools.win32_10.3.0.201811011841/tools/bin/../lib/gcc/arm-none-eabi/7.3.1/../../../../arm-none-eabi/lib/thumb/v7e-m/fpv4-sp/hard\libcr_semihost_nf.a(__ciob.o)
                              c:/nxp/mcuxpressoide_10.3.1_2233/ide/plugins/com.nxp.mcuxpresso.tools.win32_10.3.0.201811011841/tools/bin/../lib/gcc/arm-none-eabi/7.3.1/../../../../arm-none-eabi/lib/thumb/v7e-m/fpv4-sp/hard\libcr_semihost_nf.a(_cr_assert.o) (__Ciob)
c:/nxp/mcuxpressoide_10.3.1_2233/ide/plugins/com.nxp.mcuxpresso.tools.win32_10.3.0.201811011841/tools/bin/../lib/gcc/arm-none-eabi/7.3.1/../../../../arm-none-eabi/lib/thumb/v7e-m/fpv4-sp/hard\libcr_semihost_nf.a(__sys_appexit.o)
                              c:/nxp/mcuxpressoide_10.3.1_2233/ide/plugins/com.nxp.mcuxpresso.tools.win32_10.3.0.201811011841/tools/bin/../lib/gcc/arm-none-eabi/7.3.1/../../../../arm-none-eabi/lib/thumb/v7e-m/fpv4-sp/hard\libcr_semihost_nf.a(_cr_assert.o) (__sys_appexit)
c:/nxp/mcuxpressoide_10.3.1_2233/ide/plugins/com.nxp.mcuxpresso.tools.win32_10.3.0.201811011841/tools/bin/../lib/gcc/arm-none-eabi/7.3.1/../../../../arm-none-eabi/lib/thumb/v7e-m/fpv4-sp/hard\libcr_c.a(memset.o)
                              ./drivers/fsl_spi.o (memset)
c:/nxp/mcuxpressoide_10.3.1_2233/ide/plugins/com.nxp.mcuxpresso.tools.win32_10.3.0.201811011841/tools/bin/../lib/gcc/arm-none-eabi/7.3.1/../../../../arm-none-eabi/lib/thumb/v7e-m/fpv4-sp/hard\libcr_c.a(_deferredlazyseek.o)
                              c:/nxp/mcuxpressoide_10.3.1_2233/ide/plugins/com.nxp.mcuxpresso.tools.win32_10.3.0.201811011841/tools/bin/../lib/gcc/arm-none-eabi/7.3.1/../../../../arm-none-eabi/lib/thumb/v7e-m/fpv4-sp/hard\libcr_semihost_nf.a(_cr_assert.o) (__flsbuf)
c:/nxp/mcuxpressoide_10.3.1_2233/ide/plugins/com.nxp.mcuxpresso.tools.win32_10.3.0.201811011841/tools/bin/../lib/gcc/arm-none-eabi/7.3.1/../../../../arm-none-eabi/lib/thumb/v7e-m/fpv4-sp/hard\libcr_c.a(_fflush.o)
                              c:/nxp/mcuxpressoide_10.3.1_2233/ide/plugins/com.nxp.mcuxpresso.tools.win32_10.3.0.201811011841/tools/bin/../lib/gcc/arm-none-eabi/7.3.1/../../../../arm-none-eabi/lib/thumb/v7e-m/fpv4-sp/hard\libcr_c.a(_deferredlazyseek.o) (_fflush)
c:/nxp/mcuxpressoide_10.3.1_2233/ide/plugins/com.nxp.mcuxpresso.tools.win32_10.3.0.201811011841/tools/bin/../lib/gcc/arm-none-eabi/7.3.1/../../../../arm-none-eabi/lib/thumb/v7e-m/fpv4-sp/hard\libcr_c.a(_writebuf.o)
                              c:/nxp/mcuxpressoide_10.3.1_2233/ide/plugins/com.nxp.mcuxpresso.tools.win32_10.3.0.201811011841/tools/bin/../lib/gcc/arm-none-eabi/7.3.1/../../../../arm-none-eabi/lib/thumb/v7e-m/fpv4-sp/hard\libcr_c.a(_deferredlazyseek.o) (_Cwritebuf)
c:/nxp/mcuxpressoide_10.3.1_2233/ide/plugins/com.nxp.mcuxpresso.tools.win32_10.3.0.201811011841/tools/bin/../lib/gcc/arm-none-eabi/7.3.1/../../../../arm-none-eabi/lib/thumb/v7e-m/fpv4-sp/hard\libcr_c.a(alloc.o)
                              c:/nxp/mcuxpressoide_10.3.1_2233/ide/plugins/com.nxp.mcuxpresso.tools.win32_10.3.0.201811011841/tools/bin/../lib/gcc/arm-none-eabi/7.3.1/../../../../arm-none-eabi/lib/thumb/v7e-m/fpv4-sp/hard\libcr_c.a(_deferredlazyseek.o) (_Csys_alloc)
c:/nxp/mcuxpressoide_10.3.1_2233/ide/plugins/com.nxp.mcuxpresso.tools.win32_10.3.0.201811011841/tools/bin/../lib/gcc/arm-none-eabi/7.3.1/../../../../arm-none-eabi/lib/thumb/v7e-m/fpv4-sp/hard\libcr_c.a(fpprintf.o)
                              ./power_mode_switch/power_mode_switch.o (printf)
c:/nxp/mcuxpressoide_10.3.1_2233/ide/plugins/com.nxp.mcuxpresso.tools.win32_10.3.0.201811011841/tools/bin/../lib/gcc/arm-none-eabi/7.3.1/../../../../arm-none-eabi/lib/thumb/v7e-m/fpv4-sp/hard\libcr_c.a(fputs.o)
                              c:/nxp/mcuxpressoide_10.3.1_2233/ide/plugins/com.nxp.mcuxpresso.tools.win32_10.3.0.201811011841/tools/bin/../lib/gcc/arm-none-eabi/7.3.1/../../../../arm-none-eabi/lib/thumb/v7e-m/fpv4-sp/hard\libcr_semihost_nf.a(_cr_assert.o) (fputs)
c:/nxp/mcuxpressoide_10.3.1_2233/ide/plugins/com.nxp.mcuxpresso.tools.win32_10.3.0.201811011841/tools/bin/../lib/gcc/arm-none-eabi/7.3.1/../../../../arm-none-eabi/lib/thumb/v7e-m/fpv4-sp/hard\libcr_c.a(fseek.o)
[...]
Memory Configuration

Name             Origin             Length             Attributes
PROGRAM_FLASH    0x00000000         0x00080000         xr
SRAM             0x04000400         0x0001fc00         xrw
*default*        0x00000000         0xffffffff

Linker script and memory map

LOAD ./utilities/fsl_debug_console.o
LOAD ./startup/startup_qn908xc.o
LOAD ./source/semihost_hardfault.o
LOAD ./power_mode_switch/power_mode_switch.o
LOAD ./drivers/fsl_adc.o
LOAD ./drivers/fsl_calibration.o
LOAD ./drivers/fsl_clock.o
LOAD ./drivers/fsl_common.o
LOAD ./drivers/fsl_flexcomm.o
LOAD ./drivers/fsl_gpio.o
LOAD ./drivers/fsl_inputmux.o
LOAD ./drivers/fsl_power.o
LOAD ./drivers/fsl_reset.o
LOAD ./drivers/fsl_rtc.o
LOAD ./drivers/fsl_spi.o
LOAD ./drivers/fsl_usart.o
LOAD ./board/board.o
LOAD ./board/clock_config.o
LOAD ./board/pin_mux.o
LOAD ./CMSIS/system_QN908XC.o
START GROUP
LOAD c:/nxp/mcuxpressoide_10.3.1_2233/ide/plugins/com.nxp.mcuxpresso.tools.win32_10.3.0.201811011841/tools/bin/../lib/gcc/arm-none-eabi/7.3.1/../../../../arm-none-eabi/lib/thumb/v7e-m/fpv4-sp/hard\libcr_semihost_nf.a
LOAD c:/nxp/mcuxpressoide_10.3.1_2233/ide/plugins/com.nxp.mcuxpresso.tools.win32_10.3.0.201811011841/tools/bin/../lib/gcc/arm-none-eabi/7.3.1/../../../../arm-none-eabi/lib/thumb/v7e-m/fpv4-sp/hard\libcr_c.a
LOAD c:/nxp/mcuxpressoide_10.3.1_2233/ide/plugins/com.nxp.mcuxpresso.tools.win32_10.3.0.201811011841/tools/bin/../lib/gcc/arm-none-eabi/7.3.1/thumb/v7e-m/fpv4-sp/hard\libcr_eabihelpers.a
LOAD c:/nxp/mcuxpressoide_10.3.1_2233/ide/plugins/com.nxp.mcuxpresso.tools.win32_10.3.0.201811011841/tools/bin/../lib/gcc/arm-none-eabi/7.3.1/thumb/v7e-m/fpv4-sp/hard\libgcc.a
END GROUP
                0x00000000                __base_PROGRAM_FLASH = 0x0
                0x00000000                __base_Flash = 0x0
                0x00080000                __top_PROGRAM_FLASH = 0x80000
                0x00080000                __top_Flash = 0x80000
                0x04000400                __base_SRAM = 0x4000400
                0x04000400                __base_RAM = 0x4000400
                0x04020000                __top_SRAM = 0x4020000
                0x04020000                __top_RAM = 0x4020000

.text           0x00000000     0x6f6c
 FILL mask 0xff
                0x00000000                __vectors_start__ = ABSOLUTE (.)
 *(SORT_BY_ALIGNMENT(.isr_vector))
 .isr_vector    0x00000000      0x114 ./startup/startup_qn908xc.o
                0x00000000                g_pfnVectors
                0x00000000                __Vectors
                0x00000114                . = ALIGN (0x4)
                0x00000114                __section_table_start = .
                0x00000114                __data_section_table = .
                0x00000114        0x4 LONG 0x6f6c LOADADDR (.data)
                0x00000118        0x4 LONG 0x4000400 ADDR (.data)
                0x0000011c        0x4 LONG 0x80 SIZEOF (.data)
                0x00000120                __data_section_table_end = .
                0x00000120                __bss_section_table = .
                0x00000120        0x4 LONG 0x4000480 ADDR (.bss)
                0x00000124        0x4 LONG 0x140 SIZEOF (.bss)
                0x00000128                __bss_section_table_end = .
                0x00000128                __section_table_end = .
 *(SORT_BY_ALIGNMENT(.after_vectors*))
 .after_vectors.reset
                0x00000128       0xb0 ./startup/startup_qn908xc.o
                0x00000128                ResetISR
 .after_vectors.init_data
                0x000001d8       0x44 ./startup/startup_qn908xc.o
                0x000001d8                data_init
 .after_vectors.init_bss
                0x0000021c       0x38 ./startup/startup_qn908xc.o
                0x0000021c                bss_init
 .after_vectors
                0x00000254       0x3c ./startup/startup_qn908xc.o
                0x00000254                NMI_Handler
                0x00000260                MemManage_Handler
                0x00000266                BusFault_Handler
                0x0000026c                UsageFault_Handler
                0x00000272                SVC_Handler
                0x00000278                DebugMon_Handler
                0x0000027e                PendSV_Handler
                0x00000284                SysTick_Handler
                0x0000028a                Reserved64_DriverIRQHandler
                0x0000028a                DAC_DriverIRQHandler
                0x0000028a                PIN_INT3_DriverIRQHandler
                0x0000028a                PIN_INT2_DriverIRQHandler
                0x0000028a                QDEC1_DriverIRQHandler
                0x0000028a                PIN_INT0_DriverIRQHandler
                0x0000028a                Reserved63_DriverIRQHandler
                0x0000028a                CTIMER2_DriverIRQHandler
                0x0000028a                SPIFI0_DriverIRQHandler
                0x0000028a                QDEC0_DriverIRQHandler
                0x0000028a                DMA0_DriverIRQHandler
                0x0000028a                XTAL_READY_DriverIRQHandler
                0x0000028a                RTC_FR_DriverIRQHandler
                0x0000028a                CS_DriverIRQHandler
                0x0000028a                GPIOB_DriverIRQHandler
                0x0000028a                EXT_GPIO_WAKEUP_DriverIRQHandler
                0x0000028a                USB0_DriverIRQHandler
                0x0000028a                OSC_DriverIRQHandler
                0x0000028a                OSC_LOW_DriverIRQHandler
                0x0000028a                BLE_FREQ_HOP_DriverIRQHandler
                0x0000028a                ADC_DriverIRQHandler
                0x0000028a                Reserved66_DriverIRQHandler
                0x0000028a                Reserved20_DriverIRQHandler
                0x0000028a                Reserved55_DriverIRQHandler
                0x0000028a                Reserved53_DriverIRQHandler
                0x0000028a                FLASH_DriverIRQHandler
                0x0000028a                FSP_DriverIRQHandler
                0x0000028a                CTIMER0_DriverIRQHandler
                0x0000028a                CTIMER1_DriverIRQHandler
                0x0000028a                GPIOA_DriverIRQHandler
                0x0000028a                WDT_DriverIRQHandler
                0x0000028a                PIN_INT1_DriverIRQHandler
                0x0000028a                CTIMER3_DriverIRQHandler
                0x0000028a                Reserved61_DriverIRQHandler
                0x0000028a                Reserved65_DriverIRQHandler
                0x0000028a                Reserved62_DriverIRQHandler
                0x0000028a                RNG_DriverIRQHandler
                0x0000028a                IntDefaultHandler
                0x0000028a                CALIB_DriverIRQHandler
                0x0000028a                BOD_DriverIRQHandler
                0x0000028a                RTC_SEC_DriverIRQHandler
                0x0000028a                ACMP0_DriverIRQHandler
                0x0000028a                BLE_TX_DriverIRQHandler
                0x0000028a                Reserved57_DriverIRQHandler
                0x0000028a                BLE_DriverIRQHandler
                0x0000028a                ACMP1_DriverIRQHandler
                0x0000028a                SCT0_DriverIRQHandler
                0x0000028a                BLE_RX_DriverIRQHandler
                0x0000028a                CS_WAKEUP_DriverIRQHandler
 *(SORT_BY_ALIGNMENT(.text*))
 .text.main     0x00000290      0x4c4 ./power_mode_switch/power_mode_switch.o
                0x00000290                main
 *fill*         0x00000754        0x4 ff
 .text.fp_display
                0x00000758      0x974 c:/nxp/mcuxpressoide_10.3.1_2233/ide/plugins/com.nxp.mcuxpresso.tools.win32_10.3.0.201811011841/tools/bin/../lib/gcc/arm-none-eabi/7.3.1/../../../../arm-none-eabi/lib/thumb/v7e-m/fpv4-sp/hard\libcr_c.a(fpprintf.o)
 *fill*         0x000010cc        0x4 ff
 .text._frexpl  0x000010d0       0x68 c:/nxp/mcuxpressoide_10.3.1_2233/ide/plugins/com.nxp.mcuxpresso.tools.win32_10.3.0.201811011841/tools/bin/../lib/gcc/arm-none-eabi/7.3.1/../../../../arm-none-eabi/lib/thumb/v7e-m/fpv4-sp/hard\libcr_c.a(_frexpl.o)
                0x000010d0                _frexpl
 .text._ldexpl  0x00001138       0x58 c:/nxp/mcuxpressoide_10.3.1_2233/ide/plugins/com.nxp.mcuxpresso.tools.win32_10.3.0.201811011841/tools/bin/../lib/gcc/arm-none-eabi/7.3.1/../../../../arm-none-eabi/lib/thumb/v7e-m/fpv4-sp/hard\libcr_c.a(_ldexpl.o)
                0x00001138                _ldexpl
 .text.DbgConsole_Init
                0x00001190       0x74 ./utilities/fsl_debug_console.o
                0x00001190                DbgConsole_Init
 .text.NVIC_EnableIRQ
                0x00001204       0x34 ./power_mode_switch/power_mode_switch.o
 .text.NVIC_DisableIRQ
                0x00001238       0x34 ./power_mode_switch/power_mode_switch.o
 .text.NVIC_ClearPendingIRQ
                0x0000126c       0x34 ./power_mode_switch/power_mode_switch.o
 .text.BOARD_WakeupRestore
                0x000012a0       0x3c ./power_mode_switch/power_mode_switch.o
                0x000012a0                BOARD_WakeupRestore
 .text.RTC_FR_IRQHandler
                0x000012dc       0x18 ./power_mode_switch/power_mode_switch.o
                0x000012dc                RTC_FR_IRQHandler
 .text.CS_WAKEUP_IRQHandler
                0x000012f4       0x24 ./power_mode_switch/power_mode_switch.o
                0x000012f4                CS_WAKEUP_IRQHandler
 .text.ADC_Configuration
                0x00001318       0x84 ./power_mode_switch/power_mode_switch.o
 .text.ADC_GetClockIndex
                0x0000139c       0x4c ./drivers/fsl_adc.o
 .text.ADC_GetInstance
                0x000013e8       0x44 ./drivers/fsl_adc.o
 .text.ADC_Init
                0x0000142c      0x128 ./drivers/fsl_adc.o
                0x0000142c                ADC_Init
 .text.ADC_SetSdConfig
                0x00001554      0x12c ./drivers/fsl_adc.o
                0x00001554                ADC_SetSdConfig
 .text.ADC_ConversionResult2Mv
                0x00001680      0x130 ./drivers/fsl_adc.o
                0x00001680                ADC_ConversionResult2Mv
 .text.ADC_GetChannelConversionResult
                0x000017b0       0xb0 ./drivers/fsl_adc.o
 .text.ADC_GetBandgapCalibrationResult
                0x00001860       0x8c ./drivers/fsl_adc.o
                0x00001860                ADC_GetBandgapCalibrationResult
 .text.CALIB_CalibMainBangap
                0x000018ec       0x54 ./drivers/fsl_calibration.o
                0x000018ec                CALIB_CalibMainBangap
 .text.CALIB_CalibRC
                0x00001940       0x98 ./drivers/fsl_calibration.o
 .text.CALIB_CalibXTAL
                0x000019d8       0xa4 ./drivers/fsl_calibration.o
 .text.CALIB_CalibOSC32M
                0x00001a7c       0xe8 ./drivers/fsl_calibration.o
 .text.CALIB_CalibRCO32K
                0x00001b64       0x80 ./drivers/fsl_calibration.o
 .text.CALIB_PowerOn
                0x00001be4       0xfc ./drivers/fsl_calibration.o
 .text.CLOCK_EnableClock
                0x00001ce0       0x54 ./drivers/fsl_clock.o
                0x00001ce0                CLOCK_EnableClock
 .text.CLOCK_DisableClock
                0x00001d34       0x70 ./drivers/fsl_clock.o
                0x00001d34                CLOCK_DisableClock
 .text.CLOCK_AttachClk
                0x00001da4       0x78 ./drivers/fsl_clock.o
                0x00001da4                CLOCK_AttachClk
 .text.CLOCK_SetClkDiv
                0x00001e1c      0x118 ./drivers/fsl_clock.o
                0x00001e1c                CLOCK_SetClkDiv
 .text.CLOCK_GetRco32MFreq
                0x00001f34       0x2c ./drivers/fsl_clock.o
 .text.CLOCK_GetXinFreq
                0x00001f60       0x38 ./drivers/fsl_clock.o
 .text.CLOCK_GetFreq
                0x00001f98       0x7c ./drivers/fsl_clock.o
                0x00001f98                CLOCK_GetFreq
 .text.CLOCK_SetFRGClock
                0x00002014       0xbc ./drivers/fsl_clock.o
                0x00002014                CLOCK_SetFRGClock
 .text.FLEXCOMM_GetInstance
                0x000020d0       0x44 ./drivers/fsl_flexcomm.o
                0x000020d0                FLEXCOMM_GetInstance
 .text.FLEXCOMM_Init
                0x00002114       0x48 ./drivers/fsl_flexcomm.o
                0x00002114                FLEXCOMM_Init
 .text.FLEXCOMM0_DriverIRQHandler
                0x0000215c       0x38 ./drivers/fsl_flexcomm.o
                0x0000215c                FLEXCOMM0_DriverIRQHandler
 .text.FLEXCOMM1_DriverIRQHandler
                0x00002194       0x38 ./drivers/fsl_flexcomm.o
                0x00002194                FLEXCOMM1_DriverIRQHandler
 .text.FLEXCOMM2_DriverIRQHandler
                0x000021cc       0x38 ./drivers/fsl_flexcomm.o
                0x000021cc                FLEXCOMM2_DriverIRQHandler
 .text.FLEXCOMM3_DriverIRQHandler
                0x00002204       0x38 ./drivers/fsl_flexcomm.o
                0x00002204                FLEXCOMM3_DriverIRQHandler
 .text.POWER_RegisterWakeupEntry
                0x0000223c       0x1c ./drivers/fsl_power.o
 .text.POWER_LatchIO
                0x00002258       0x3c ./drivers/fsl_power.o
                0x00002258                POWER_LatchIO
 .text.POWER_RestoreIO
                0x00002294       0x6c ./drivers/fsl_power.o
                0x00002294                POWER_RestoreIO
 .text.POWER_EnterPowerDown
                0x00002300       0xd4 ./drivers/fsl_power.o
                0x00002300                POWER_EnterPowerDown
 .text.POWER_Init
                0x000023d4       0x50 ./drivers/fsl_power.o
                0x000023d4                POWER_Init
 .text.SPI_GetInstance
                0x00002424       0x44 ./drivers/fsl_spi.o
                0x00002424                SPI_GetInstance
 .text.SPI_MasterGetDefaultConfig
                0x00002468       0x68 ./drivers/fsl_spi.o
                0x00002468                SPI_MasterGetDefaultConfig
 .text.SPI_MasterInit
                0x000024d0      0x1a0 ./drivers/fsl_spi.o
                0x000024d0                SPI_MasterInit
 .text.SPI_MasterSetBaud
                0x00002670       0x84 ./drivers/fsl_spi.o
                0x00002670                SPI_MasterSetBaud
 .text.SPI_MasterTransferBlocking
                0x000026f4      0x280 ./drivers/fsl_spi.o
                0x000026f4                SPI_MasterTransferBlocking
 .text.USART_Init
                0x00002974      0x14c ./drivers/fsl_usart.o
                0x00002974                USART_Init
 .text.USART_GetDefaultConfig
                0x00002ac0       0x58 ./drivers/fsl_usart.o
                0x00002ac0                USART_GetDefaultConfig
 .text.USART_SetBaudRate
                0x00002b18       0xe4 ./drivers/fsl_usart.o
                0x00002b18                USART_SetBaudRate
 .text.USART_WriteBlocking
                0x00002bfc       0x88 ./drivers/fsl_usart.o
                0x00002bfc                USART_WriteBlocking
 .text.USART_ReadBlocking
                0x00002c84      0x10c ./drivers/fsl_usart.o
                0x00002c84                USART_ReadBlocking
 .text.BOARD_InitDebugConsole
                0x00002d90       0x60 ./board/board.o
                0x00002d90                BOARD_InitDebugConsole
 .text.IOCON_PinMuxSet
                0x00002df0      0x228 ./board/pin_mux.o
 .text.SystemInit
                0x00003018      0x13c ./CMSIS/system_QN908XC.o
                0x00003018                SystemInit
 .text.__assertion_failed
                0x00003154       0x4c c:/nxp/mcuxpressoide_10.3.1_2233/ide/plugins/com.nxp.mcuxpresso.tools.win32_10.3.0.201811011841/tools/bin/../lib/gcc/arm-none-eabi/7.3.1/../../../../arm-none-eabi/lib/thumb/v7e-m/fpv4-sp/hard\libcr_semihost_nf.a(_cr_assert.o)
                0x00003154                __assertion_failed
 .text.__sys_appexit
                0x000031a0        0xc c:/nxp/mcuxpressoide_10.3.1_2233/ide/plugins/com.nxp.mcuxpresso.tools.win32_10.3.0.201811011841/tools/bin/../lib/gcc/arm-none-eabi/7.3.1/../../../../arm-none-eabi/lib/thumb/v7e-m/fpv4-sp/hard\libcr_semihost_nf.a(__sys_appexit.o)
                0x000031a0                __sys_appexit
                0x000031a0                __exit
 .text._Cwritebuf
                0x000031ac       0x6c c:/nxp/mcuxpressoide_10.3.1_2233/ide/plugins/com.nxp.mcuxpresso.tools.win32_10.3.0.201811011841/tools/bin/../lib/gcc/arm-none-eabi/7.3.1/../../../../arm-none-eabi/lib/thumb/v7e-m/fpv4-sp/hard\libcr_c.a(_writebuf.o)
                0x000031ac                _Cwritebuf
 .text.malloc   0x00003218       0xc8 c:/nxp/mcuxpressoide_10.3.1_2233/ide/plugins/com.nxp.mcuxpresso.tools.win32_10.3.0.201811011841/tools/bin/../lib/gcc/arm-none-eabi/7.3.1/../../../../arm-none-eabi/lib/thumb/v7e-m/fpv4-sp/hard\libcr_c.a(alloc.o)
                0x00003218                malloc
 .text._Csys_alloc
                0x000032e0       0x20 c:/nxp/mcuxpressoide_10.3.1_2233/ide/plugins/com.nxp.mcuxpresso.tools.win32_10.3.0.201811011841/tools/bin/../lib/gcc/arm-none-eabi/7.3.1/../../../../arm-none-eabi/lib/thumb/v7e-m/fpv4-sp/hard\libcr_c.a(alloc.o)
                0x000032e0                _Csys_alloc
 .text.sprintf  0x00003300       0x6c c:/nxp/mcuxpressoide_10.3.1_2233/ide/plugins/com.nxp.mcuxpresso.tools.win32_10.3.0.201811011841/tools/bin/../lib/gcc/arm-none-eabi/7.3.1/../../../../arm-none-eabi/lib/thumb/v7e-m/fpv4-sp/hard\libcr_c.a(fpprintf.o)
                0x00003300                sprintf
 .text.vsnprintf
                0x0000336c       0x68 c:/nxp/mcuxpressoide_10.3.1_2233/ide/plugins/com.nxp.mcuxpresso.tools.win32_10.3.0.201811011841/tools/bin/../lib/gcc/arm-none-eabi/7.3.1/../../../../arm-none-eabi/lib/thumb/v7e-m/fpv4-sp/hard\libcr_c.a(fpprintf.o)
                0x0000336c                vsnprintf
 .text.printf   0x000033d4       0x54 c:/nxp/mcuxpressoide_10.3.1_2233/ide/plugins/com.nxp.mcuxpresso.tools.win32_10.3.0.201811011841/tools/bin/../lib/gcc/arm-none-eabi/7.3.1/../../../../arm-none-eabi/lib/thumb/v7e-m/fpv4-sp/hard\libcr_c.a(fpprintf.o)
                0x000033d4                printf
 .text.fseek    0x00003428      0x100 c:/nxp/mcuxpressoide_10.3.1_2233/ide/plugins/com.nxp.mcuxpresso.tools.win32_10.3.0.201811011841/tools/bin/../lib/gcc/arm-none-eabi/7.3.1/../../../../arm-none-eabi/lib/thumb/v7e-m/fpv4-sp/hard\libcr_c.a(fseek.o)
                0x00003428                fseek
 .text.ftell    0x00003528       0x44 c:/nxp/mcuxpressoide_10.3.1_2233/ide/plugins/com.nxp.mcuxpresso.tools.win32_10.3.0.201811011841/tools/bin/../lib/gcc/arm-none-eabi/7.3.1/../../../../arm-none-eabi/lib/thumb/v7e-m/fpv4-sp/hard\libcr_c.a(ftell.o)
                0x00003528                ftell
 .text._initio  0x0000356c       0x78 c:/nxp/mcuxpressoide_10.3.1_2233/ide/plugins/com.nxp.mcuxpresso.tools.win32_10.3.0.201811011841/tools/bin/../lib/gcc/arm-none-eabi/7.3.1/../../../../arm-none-eabi/lib/thumb/v7e-m/fpv4-sp/hard\libcr_c.a(initio.o)
                0x0000356c                _initio
 .text.__vfprintf
                0x000035e4      0xb8c c:/nxp/mcuxpressoide_10.3.1_2233/ide/plugins/com.nxp.mcuxpresso.tools.win32_10.3.0.201811011841/tools/bin/../lib/gcc/arm-none-eabi/7.3.1/../../../../arm-none-eabi/lib/thumb/v7e-m/fpv4-sp/hard\libcr_c.a(printf.o)
                0x000035e4                __vfprintf
 .text.setvbuf  0x00004170       0x40 c:/nxp/mcuxpressoide_10.3.1_2233/ide/plugins/com.nxp.mcuxpresso.tools.win32_10.3.0.201811011841/tools/bin/../lib/gcc/arm-none-eabi/7.3.1/../../../../arm-none-eabi/lib/thumb/v7e-m/fpv4-sp/hard\libcr_c.a(setvbuf.o)
                0x00004170                setvbuf
 .text._sbrk    0x000041b0       0x3c c:/nxp/mcuxpressoide_10.3.1_2233/ide/plugins/com.nxp.mcuxpresso.tools.win32_10.3.0.201811011841/tools/bin/../lib/gcc/arm-none-eabi/7.3.1/../../../../arm-none-eabi/lib/thumb/v7e-m/fpv4-sp/hard\libcr_c.a(_cr_sbrk.o)
                0x000041b0                _sbrk
 .text.fflush   0x000041ec       0x44 c:/nxp/mcuxpressoide_10.3.1_2233/ide/plugins/com.nxp.mcuxpresso.tools.win32_10.3.0.201811011841/tools/bin/../lib/gcc/arm-none-eabi/7.3.1/../../../../arm-none-eabi/lib/thumb/v7e-m/fpv4-sp/hard\libcr_c.a(fflush.o)
                0x000041ec                fflush
 .text.__check_heap_overflow
                0x00004230       0x18 c:/nxp/mcuxpressoide_10.3.1_2233/ide/plugins/com.nxp.mcuxpresso.tools.win32_10.3.0.201811011841/tools/bin/../lib/gcc/arm-none-eabi/7.3.1/../../../../arm-none-eabi/lib/thumb/v7e-m/fpv4-sp/hard\libcr_c.a(_cr_check_heap.o)
                0x00004230                __check_heap_overflow
 .text.__aeabi_dmul
                0x00004248      0x11c c:/nxp/mcuxpressoide_10.3.1_2233/ide/plugins/com.nxp.mcuxpresso.tools.win32_10.3.0.201811011841/tools/bin/../lib/gcc/arm-none-eabi/7.3.1/thumb/v7e-m/fpv4-sp/hard\libcr_eabihelpers.a(double.o)
                0x00004248                __aeabi_dmul
 .text.__aeabi_ddiv
                0x00004364      0x138 c:/nxp/mcuxpressoide_10.3.1_2233/ide/plugins/com.nxp.mcuxpresso.tools.win32_10.3.0.201811011841/tools/bin/../lib/gcc/arm-none-eabi/7.3.1/thumb/v7e-m/fpv4-sp/hard\libcr_eabihelpers.a(double.o)
                0x00004364                __aeabi_ddiv
 .text.__aeabi_dsub
                0x0000449c      0x1b4 c:/nxp/mcuxpressoide_10.3.1_2233/ide/plugins/com.nxp.mcuxpresso.tools.win32_10.3.0.201811011841/tools/bin/../lib/gcc/arm-none-eabi/7.3.1/thumb/v7e-m/fpv4-sp/hard\libcr_eabihelpers.a(double.o)
                0x0000449c                __aeabi_dsub
 .text.__aeabi_dadd
                0x00004650      0x10c c:/nxp/mcuxpressoide_10.3.1_2233/ide/plugins/com.nxp.mcuxpresso.tools.win32_10.3.0.201811011841/tools/bin/../lib/gcc/arm-none-eabi/7.3.1/thumb/v7e-m/fpv4-sp/hard\libcr_eabihelpers.a(double.o)
                0x00004650                __aeabi_dadd
 .text.__aeabi_f2d
                0x0000475c       0x38 c:/nxp/mcuxpressoide_10.3.1_2233/ide/plugins/com.nxp.mcuxpresso.tools.win32_10.3.0.201811011841/tools/bin/../lib/gcc/arm-none-eabi/7.3.1/thumb/v7e-m/fpv4-sp/hard\libcr_eabihelpers.a(float.o)
                0x0000475c                __aeabi_f2d
 .text.EXT_GPIO_WAKEUP_IRQHandler
                0x00004794        0xc ./startup/startup_qn908xc.o
                0x00004794                EXT_GPIO_WAKEUP_IRQHandler
 .text.OSC_IRQHandler
                0x000047a0        0xc ./startup/startup_qn908xc.o
                0x000047a0                OSC_IRQHandler
 .text.ACMP0_IRQHandler
                0x000047ac        0xc ./startup/startup_qn908xc.o
                0x000047ac                ACMP0_IRQHandler
 .text.ACMP1_IRQHandler
                0x000047b8        0xc ./startup/startup_qn908xc.o
                0x000047b8                ACMP1_IRQHandler
 .text.Reserved20_IRQHandler
                0x000047c4        0xc ./startup/startup_qn908xc.o
                0x000047c4                Reserved20_IRQHandler
 .text.RTC_SEC_IRQHandler
                0x000047d0        0xc ./startup/startup_qn908xc.o
                0x000047d0                RTC_SEC_IRQHandler
 .text.CS_IRQHandler
                0x000047dc        0xc ./startup/startup_qn908xc.o
                0x000047dc                CS_IRQHandler
 .text.GPIOA_IRQHandler
                0x000047e8        0xc ./startup/startup_qn908xc.o
                0x000047e8                GPIOA_IRQHandler
 .text.GPIOB_IRQHandler
                0x000047f4        0xc ./startup/startup_qn908xc.o
                0x000047f4                GPIOB_IRQHandler
 .text.DMA0_IRQHandler
                0x00004800        0xc ./startup/startup_qn908xc.o
                0x00004800                DMA0_IRQHandler
 .text.PIN_INT0_IRQHandler
                0x0000480c        0xc ./startup/startup_qn908xc.o
                0x0000480c                PIN_INT0_IRQHandler
 .text.PIN_INT1_IRQHandler
                0x00004818        0xc ./startup/startup_qn908xc.o
                0x00004818                PIN_INT1_IRQHandler
 .text.PIN_INT2_IRQHandler
                0x00004824        0xc ./startup/startup_qn908xc.o
                0x00004824                PIN_INT2_IRQHandler
 .text.PIN_INT3_IRQHandler
                0x00004830        0xc ./startup/startup_qn908xc.o
                0x00004830                PIN_INT3_IRQHandler
 .text.OSC_LOW_IRQHandler
                0x0000483c        0xc ./startup/startup_qn908xc.o
                0x0000483c                OSC_LOW_IRQHandler
 .text.USB0_IRQHandler
                0x00004848        0xc ./startup/startup_qn908xc.o
                0x00004848                USB0_IRQHandler
 .text.FLEXCOMM0_IRQHandler
                0x00004854        0xc ./startup/startup_qn908xc.o
                0x00004854                FLEXCOMM0_IRQHandler
 .text.FLEXCOMM1_IRQHandler
                0x00004860        0xc ./startup/startup_qn908xc.o
                0x00004860                FLEXCOMM1_IRQHandler
 .text.FLEXCOMM2_IRQHandler
                0x0000486c        0xc ./startup/startup_qn908xc.o
                0x0000486c                FLEXCOMM2_IRQHandler
 .text.FLEXCOMM3_IRQHandler
                0x00004878        0xc ./startup/startup_qn908xc.o
                0x00004878                FLEXCOMM3_IRQHandler
 .text.BLE_IRQHandler
                0x00004884        0xc ./startup/startup_qn908xc.o
                0x00004884                BLE_IRQHandler
 .text.FSP_IRQHandler
                0x00004890        0xc ./startup/startup_qn908xc.o
                0x00004890                FSP_IRQHandler
 .text.QDEC0_IRQHandler
                0x0000489c        0xc ./startup/startup_qn908xc.o
                0x0000489c                QDEC0_IRQHandler
 .text.QDEC1_IRQHandler
                0x000048a8        0xc ./startup/startup_qn908xc.o
                0x000048a8                QDEC1_IRQHandler
 .text.CTIMER0_IRQHandler
                0x000048b4        0xc ./startup/startup_qn908xc.o
                0x000048b4                CTIMER0_IRQHandler
 .text.CTIMER1_IRQHandler
                0x000048c0        0xc ./startup/startup_qn908xc.o
                0x000048c0                CTIMER1_IRQHandler
 .text.CTIMER2_IRQHandler
                0x000048cc        0xc ./startup/startup_qn908xc.o
                0x000048cc                CTIMER2_IRQHandler
 .text.CTIMER3_IRQHandler
                0x000048d8        0xc ./startup/startup_qn908xc.o
                0x000048d8                CTIMER3_IRQHandler
 .text.WDT_IRQHandler
                0x000048e4        0xc ./startup/startup_qn908xc.o
                0x000048e4                WDT_IRQHandler
 .text.ADC_IRQHandler
                0x000048f0        0xc ./startup/startup_qn908xc.o
                0x000048f0                ADC_IRQHandler
 .text.DAC_IRQHandler
                0x000048fc        0xc ./startup/startup_qn908xc.o
                0x000048fc                DAC_IRQHandler
 .text.XTAL_READY_IRQHandler
                0x00004908        0xc ./startup/startup_qn908xc.o
                0x00004908                XTAL_READY_IRQHandler
 .text.FLASH_IRQHandler
                0x00004914        0xc ./startup/startup_qn908xc.o
                0x00004914                FLASH_IRQHandler
 .text.SPIFI0_IRQHandler
                0x00004920        0xc ./startup/startup_qn908xc.o
                0x00004920                SPIFI0_IRQHandler
 .text.SCT0_IRQHandler
                0x0000492c        0xc ./startup/startup_qn908xc.o
                0x0000492c                SCT0_IRQHandler
 .text.Reserved53_IRQHandler
                0x00004938        0xc ./startup/startup_qn908xc.o
                0x00004938                Reserved53_IRQHandler
 .text.RNG_IRQHandler
                0x00004944        0xc ./startup/startup_qn908xc.o
                0x00004944                RNG_IRQHandler
 .text.Reserved55_IRQHandler
                0x00004950        0xc ./startup/startup_qn908xc.o
                0x00004950                Reserved55_IRQHandler
 .text.CALIB_IRQHandler
                0x0000495c        0xc ./startup/startup_qn908xc.o
                0x0000495c                CALIB_IRQHandler
 .text.Reserved57_IRQHandler
                0x00004968        0xc ./startup/startup_qn908xc.o
                0x00004968                Reserved57_IRQHandler
 .text.BLE_TX_IRQHandler
                0x00004974        0xc ./startup/startup_qn908xc.o
                0x00004974                BLE_TX_IRQHandler
 .text.BLE_RX_IRQHandler
                0x00004980        0xc ./startup/startup_qn908xc.o
                0x00004980                BLE_RX_IRQHandler
 .text.BLE_FREQ_HOP_IRQHandler
                0x0000498c        0xc ./startup/startup_qn908xc.o
                0x0000498c                BLE_FREQ_HOP_IRQHandler
 .text.Reserved61_IRQHandler
                0x00004998        0xc ./startup/startup_qn908xc.o
                0x00004998                Reserved61_IRQHandler
 .text.Reserved62_IRQHandler
                0x000049a4        0xc ./startup/startup_qn908xc.o
                0x000049a4                Reserved62_IRQHandler
 .text.Reserved63_IRQHandler
                0x000049b0        0xc ./startup/startup_qn908xc.o
                0x000049b0                Reserved63_IRQHandler
 .text.Reserved64_IRQHandler
                0x000049bc        0xc ./startup/startup_qn908xc.o
                0x000049bc                Reserved64_IRQHandler
 .text.Reserved65_IRQHandler
                0x000049c8        0xc ./startup/startup_qn908xc.o
                0x000049c8                Reserved65_IRQHandler
 .text.Reserved66_IRQHandler
                0x000049d4        0xc ./startup/startup_qn908xc.o
                0x000049d4                Reserved66_IRQHandler
 .text.BOD_IRQHandler
                0x000049e0        0xc ./startup/startup_qn908xc.o
                0x000049e0                BOD_IRQHandler
 .text.HardFault_Handler
                0x000049ec       0x2c ./source/semihost_hardfault.o
                0x000049ec                HardFault_Handler
 .text.RESET_SetPeripheralReset
                0x00004a18       0x24 ./power_mode_switch/power_mode_switch.o
 .text.RESET_ClearPeripheralReset
                0x00004a3c       0x24 ./power_mode_switch/power_mode_switch.o
 .text.RESET_PeripheralReset
                0x00004a60       0x22 ./power_mode_switch/power_mode_switch.o
 .text.RTC_Init
                0x00004a82       0x26 ./power_mode_switch/power_mode_switch.o
 .text.RTC_GetFreeRunningCount
                0x00004aa8       0x3e ./power_mode_switch/power_mode_switch.o
 .text.ADC_Enable
                0x00004ae6       0x4a ./power_mode_switch/power_mode_switch.o
 .text.ADC_DoSoftwareTrigger
                0x00004b30       0x20 ./power_mode_switch/power_mode_switch.o
 .text.ADC_GetStatusFlags
                0x00004b50       0x18 ./power_mode_switch/power_mode_switch.o
 .text.ADC_GetConversionResult
                0x00004b68       0x18 ./power_mode_switch/power_mode_switch.o
 .text.switch_to_OSC32M
                0x00004b80       0x24 ./power_mode_switch/power_mode_switch.o
 .text.switch_to_XTAL
                0x00004ba4       0x38 ./power_mode_switch/power_mode_switch.o
 .text.RESET_SetPeripheralReset
                0x00004bdc       0x24 ./drivers/fsl_adc.o
 .text.RESET_ClearPeripheralReset
                0x00004c00       0x24 ./drivers/fsl_adc.o
 .text.RESET_PeripheralReset
                0x00004c24       0x22 ./drivers/fsl_adc.o
 .text.ADC_Enable
                0x00004c46       0x4a ./drivers/fsl_adc.o
 .text.ADC_DoSoftwareTrigger
                0x00004c90       0x20 ./drivers/fsl_adc.o
 .text.ADC_GetStatusFlags
                0x00004cb0       0x18 ./drivers/fsl_adc.o
 .text.ADC_GetConversionResult
                0x00004cc8       0x18 ./drivers/fsl_adc.o
 .text.ADC_EmptyChannelConversionBuffer
                0x00004ce0       0x26 ./drivers/fsl_adc.o
 .text.ADC_GetDefaultConfig
                0x00004d06       0x40 ./drivers/fsl_adc.o
                0x00004d06                ADC_GetDefaultConfig
 .text.ADC_GetSdDefaultConfig
                0x00004d46       0x44 ./drivers/fsl_adc.o
                0x00004d46                ADC_GetSdDefaultConfig
 .text.ADC_GetVinnCalibrationResult
                0x00004d8a       0x1e ./drivers/fsl_adc.o
                0x00004d8a                ADC_GetVinnCalibrationResult
 .text.CALIB_SystemCalib
                0x00004da8       0x42 ./drivers/fsl_calibration.o
                0x00004da8                CALIB_SystemCalib
 .text.DisableGlobalIRQ
                0x00004dea       0x20 ./drivers/fsl_clock.o
 .text.EnableGlobalIRQ
                0x00004e0a       0x1e ./drivers/fsl_clock.o
 .text.Clk32KConfig
                0x00004e28       0x30 ./drivers/fsl_clock.o
 .text.ClkSysConfig
                0x00004e58       0x42 ./drivers/fsl_clock.o
 .text.ClkWdtConfig
                0x00004e9a       0x30 ./drivers/fsl_clock.o
 .text.ClkBleConfig
                0x00004eca       0x30 ./drivers/fsl_clock.o
 .text.ClkXTALConfig
                0x00004efa       0x56 ./drivers/fsl_clock.o
 .text.CLOCK_Get32KFreq
                0x00004f50       0x26 ./drivers/fsl_clock.o
 .text.CLOCK_GetCoreSysClkFreq
                0x00004f76       0x52 ./drivers/fsl_clock.o
 .text.CLOCK_GetAhbClkFreq
                0x00004fc8       0x20 ./drivers/fsl_clock.o
 .text.CLOCK_GetApbClkFreq
                0x00004fe8       0x1e ./drivers/fsl_clock.o
 .text.CLOCK_GetWdtFreq
                0x00005006       0x24 ./drivers/fsl_clock.o
 .text.CLOCK_GetFRGInputClock
                0x0000502a       0x10 ./drivers/fsl_clock.o
                0x0000502a                CLOCK_GetFRGInputClock
 .text.FLEXCOMM_PeripheralIsPresent
                0x0000503a       0x6a ./drivers/fsl_flexcomm.o
 .text.FLEXCOMM_SetPeriph
                0x000050a4       0x74 ./drivers/fsl_flexcomm.o
                0x000050a4                FLEXCOMM_SetPeriph
 .text.DisableGlobalIRQ
                0x00005118       0x20 ./drivers/fsl_power.o
 .text.EnableGlobalIRQ
                0x00005138       0x1e ./drivers/fsl_power.o
 .text.POWER_WritePmuCtrl1
                0x00005156       0x3e ./drivers/fsl_power.o
                0x00005156                POWER_WritePmuCtrl1
 .text.POWER_EnablePD
                0x00005194       0x68 ./drivers/fsl_power.o
                0x00005194                POWER_EnablePD
 .text.POWER_DisablePD
                0x000051fc       0x6c ./drivers/fsl_power.o
                0x000051fc                POWER_DisablePD
 .text.POWER_EnableDCDC
                0x00005268       0x38 ./drivers/fsl_power.o
                0x00005268                POWER_EnableDCDC
 .text.POWER_EnableADC
                0x000052a0       0x7e ./drivers/fsl_power.o
                0x000052a0                POWER_EnableADC
 .text.RTC_Calibration
                0x0000531e       0x5e ./drivers/fsl_rtc.o
                0x0000531e                RTC_Calibration
 .text.RTC_SetFreeRunningInterruptThreshold
                0x0000537c       0x2a ./drivers/fsl_rtc.o
                0x0000537c                RTC_SetFreeRunningInterruptThreshold
 .text.RTC_FreeRunningEnable
                0x000053a6       0x52 ./drivers/fsl_rtc.o
                0x000053a6                RTC_FreeRunningEnable
 .text.RTC_EnableInterrupts
                0x000053f8       0x6e ./drivers/fsl_rtc.o
                0x000053f8                RTC_EnableInterrupts
 .text.SPI_Enable
                0x00005466       0x40 ./drivers/fsl_spi.o
 .text.BOARD_BootClockHSRUN
                0x000054a6       0x58 ./board/clock_config.o
                0x000054a6                BOARD_BootClockHSRUN
 .text.BOARD_InitPins
                0x000054fe       0xb0 ./board/pin_mux.o
                0x000054fe                BOARD_InitPins
 .text.__main   0x000055ae        0xe c:/nxp/mcuxpressoide_10.3.1_2233/ide/plugins/com.nxp.mcuxpresso.tools.win32_10.3.0.201811011841/tools/bin/../lib/gcc/arm-none-eabi/7.3.1/../../../../arm-none-eabi/lib/thumb/v7e-m/fpv4-sp/hard\libcr_semihost_nf.a(_cr__main.o)
                0x000055ae                __CR_SEMIHOST
                0x000055ae                __main
 .text.memset   0x000055bc        0x4 c:/nxp/mcuxpressoide_10.3.1_2233/ide/plugins/com.nxp.mcuxpresso.tools.win32_10.3.0.201811011841/tools/bin/../lib/gcc/arm-none-eabi/7.3.1/../../../../arm-none-eabi/lib/thumb/v7e-m/fpv4-sp/hard\libcr_c.a(memset.o)
                0x000055bc                memset
 .text._deferredlazyseek
                0x000055c0       0x40 c:/nxp/mcuxpressoide_10.3.1_2233/ide/plugins/com.nxp.mcuxpresso.tools.win32_10.3.0.201811011841/tools/bin/../lib/gcc/arm-none-eabi/7.3.1/../../../../arm-none-eabi/lib/thumb/v7e-m/fpv4-sp/hard\libcr_c.a(_deferredlazyseek.o)
                0x000055c0                _deferredlazyseek
 .text.__flsbuf
                0x00005600      0x140 c:/nxp/mcuxpressoide_10.3.1_2233/ide/plugins/com.nxp.mcuxpresso.tools.win32_10.3.0.201811011841/tools/bin/../lib/gcc/arm-none-eabi/7.3.1/../../../../arm-none-eabi/lib/thumb/v7e-m/fpv4-sp/hard\libcr_c.a(_deferredlazyseek.o)
                0x00005600                __flsbuf
 .text._fflush  0x00005740       0x52 c:/nxp/mcuxpressoide_10.3.1_2233/ide/plugins/com.nxp.mcuxpresso.tools.win32_10.3.0.201811011841/tools/bin/../lib/gcc/arm-none-eabi/7.3.1/../../../../arm-none-eabi/lib/thumb/v7e-m/fpv4-sp/hard\libcr_c.a(_fflush.o)
                0x00005740                _fflush
 .text.free     0x00005792       0x30 c:/nxp/mcuxpressoide_10.3.1_2233/ide/plugins/com.nxp.mcuxpresso.tools.win32_10.3.0.201811011841/tools/bin/../lib/gcc/arm-none-eabi/7.3.1/../../../../arm-none-eabi/lib/thumb/v7e-m/fpv4-sp/hard\libcr_c.a(alloc.o)
                0x00005792                free
 .text.fp_round
                0x000057c2       0x4e c:/nxp/mcuxpressoide_10.3.1_2233/ide/plugins/com.nxp.mcuxpresso.tools.win32_10.3.0.201811011841/tools/bin/../lib/gcc/arm-none-eabi/7.3.1/../../../../arm-none-eabi/lib/thumb/v7e-m/fpv4-sp/hard\libcr_c.a(fpprintf.o)
 .text.pr_dec.constprop.1
                0x00005810       0x26 c:/nxp/mcuxpressoide_10.3.1_2233/ide/plugins/com.nxp.mcuxpresso.tools.win32_10.3.0.201811011841/tools/bin/../lib/gcc/arm-none-eabi/7.3.1/../../../../arm-none-eabi/lib/thumb/v7e-m/fpv4-sp/hard\libcr_c.a(fpprintf.o)
 .text.fputs    0x00005836       0x2c c:/nxp/mcuxpressoide_10.3.1_2233/ide/plugins/com.nxp.mcuxpresso.tools.win32_10.3.0.201811011841/tools/bin/../lib/gcc/arm-none-eabi/7.3.1/../../../../arm-none-eabi/lib/thumb/v7e-m/fpv4-sp/hard\libcr_c.a(fputs.o)
                0x00005836                fputs
 .text.strlen   0x00005862       0x4a c:/nxp/mcuxpressoide_10.3.1_2233/ide/plugins/com.nxp.mcuxpresso.tools.win32_10.3.0.201811011841/tools/bin/../lib/gcc/arm-none-eabi/7.3.1/../../../../arm-none-eabi/lib/thumb/v7e-m/fpv4-sp/hard\libcr_c.a(strlen.o)
                0x00005862                strlen
 .text._fdopen  0x000058ac       0x68 c:/nxp/mcuxpressoide_10.3.1_2233/ide/plugins/com.nxp.mcuxpresso.tools.win32_10.3.0.201811011841/tools/bin/../lib/gcc/arm-none-eabi/7.3.1/../../../../arm-none-eabi/lib/thumb/v7e-m/fpv4-sp/hard\libcr_c.a(_fdopen.o)
                0x000058ac                _fdopen
 .text.fclose   0x00005914       0x58 c:/nxp/mcuxpressoide_10.3.1_2233/ide/plugins/com.nxp.mcuxpresso.tools.win32_10.3.0.201811011841/tools/bin/../lib/gcc/arm-none-eabi/7.3.1/../../../../arm-none-eabi/lib/thumb/v7e-m/fpv4-sp/hard\libcr_c.a(fclose.o)
                0x00005914                fclose
 .text.remove   0x0000596c       0x14 c:/nxp/mcuxpressoide_10.3.1_2233/ide/plugins/com.nxp.mcuxpresso.tools.win32_10.3.0.201811011841/tools/bin/../lib/gcc/arm-none-eabi/7.3.1/../../../../arm-none-eabi/lib/thumb/v7e-m/fpv4-sp/hard\libcr_c.a(remove.o)
                0x0000596c                remove
 .text._do_fflush
                0x00005980       0x40 c:/nxp/mcuxpressoide_10.3.1_2233/ide/plugins/com.nxp.mcuxpresso.tools.win32_10.3.0.201811011841/tools/bin/../lib/gcc/arm-none-eabi/7.3.1/../../../../arm-none-eabi/lib/thumb/v7e-m/fpv4-sp/hard\libcr_c.a(_do_fflush.o)
                0x00005980                _do_fflush
 .text.__aeabi_division_uldivmod
                0x000059c0      0x174 c:/nxp/mcuxpressoide_10.3.1_2233/ide/plugins/com.nxp.mcuxpresso.tools.win32_10.3.0.201811011841/tools/bin/../lib/gcc/arm-none-eabi/7.3.1/thumb/v7e-m/fpv4-sp/hard\libcr_eabihelpers.a(division_64.o)
                0x000059c0                __aeabi_uldivmod
                0x000059c4                __bhs_ldivmod1
 .text.__aeabi_division_idiv0
                0x00005b34        0x2 c:/nxp/mcuxpressoide_10.3.1_2233/ide/plugins/com.nxp.mcuxpresso.tools.win32_10.3.0.201811011841/tools/bin/../lib/gcc/arm-none-eabi/7.3.1/thumb/v7e-m/fpv4-sp/hard\libcr_eabihelpers.a(division_idiv0.o)
                0x00005b34                __aeabi_idiv0
 .text.__aeabi_d2iz
                0x00005b36       0x40 c:/nxp/mcuxpressoide_10.3.1_2233/ide/plugins/com.nxp.mcuxpresso.tools.win32_10.3.0.201811011841/tools/bin/../lib/gcc/arm-none-eabi/7.3.1/thumb/v7e-m/fpv4-sp/hard\libcr_eabihelpers.a(double.o)
                0x00005b36                __aeabi_d2iz
 .text.__bhs_ui2d
                0x00005b76       0x46 c:/nxp/mcuxpressoide_10.3.1_2233/ide/plugins/com.nxp.mcuxpresso.tools.win32_10.3.0.201811011841/tools/bin/../lib/gcc/arm-none-eabi/7.3.1/thumb/v7e-m/fpv4-sp/hard\libcr_eabihelpers.a(double.o)
                0x00005b76                __bhs_ui2d
 .text.__aeabi_i2d
                0x00005bbc       0x12 c:/nxp/mcuxpressoide_10.3.1_2233/ide/plugins/com.nxp.mcuxpresso.tools.win32_10.3.0.201811011841/tools/bin/../lib/gcc/arm-none-eabi/7.3.1/thumb/v7e-m/fpv4-sp/hard\libcr_eabihelpers.a(double.o)
                0x00005bbc                __aeabi_i2d
 .text.__aeabi_dcmpeq
                0x00005bce       0x30 c:/nxp/mcuxpressoide_10.3.1_2233/ide/plugins/com.nxp.mcuxpresso.tools.win32_10.3.0.201811011841/tools/bin/../lib/gcc/arm-none-eabi/7.3.1/thumb/v7e-m/fpv4-sp/hard\libcr_eabihelpers.a(double.o)
                0x00005bce                __aeabi_dcmpeq
 .text.__aeabi_dcmplt
                0x00005bfe       0x58 c:/nxp/mcuxpressoide_10.3.1_2233/ide/plugins/com.nxp.mcuxpresso.tools.win32_10.3.0.201811011841/tools/bin/../lib/gcc/arm-none-eabi/7.3.1/thumb/v7e-m/fpv4-sp/hard\libcr_eabihelpers.a(double.o)
                0x00005bfe                __aeabi_dcmplt
 .text.__aeabi_dcmpgt
                0x00005c56       0x58 c:/nxp/mcuxpressoide_10.3.1_2233/ide/plugins/com.nxp.mcuxpresso.tools.win32_10.3.0.201811011841/tools/bin/../lib/gcc/arm-none-eabi/7.3.1/thumb/v7e-m/fpv4-sp/hard\libcr_eabihelpers.a(double.o)
                0x00005c56                __aeabi_dcmpgt
 .text.__aeabi_dcmple
                0x00005cae       0x5a c:/nxp/mcuxpressoide_10.3.1_2233/ide/plugins/com.nxp.mcuxpresso.tools.win32_10.3.0.201811011841/tools/bin/../lib/gcc/arm-none-eabi/7.3.1/thumb/v7e-m/fpv4-sp/hard\libcr_eabihelpers.a(double.o)
                0x00005cae                __aeabi_dcmple
 .text.__aeabi_dcmpge
                0x00005d08       0x58 c:/nxp/mcuxpressoide_10.3.1_2233/ide/plugins/com.nxp.mcuxpresso.tools.win32_10.3.0.201811011841/tools/bin/../lib/gcc/arm-none-eabi/7.3.1/thumb/v7e-m/fpv4-sp/hard\libcr_eabihelpers.a(double.o)
                0x00005d08                __aeabi_dcmpge
 .text.__aeabi_memset_lowlevel
                0x00005d60       0x32 c:/nxp/mcuxpressoide_10.3.1_2233/ide/plugins/com.nxp.mcuxpresso.tools.win32_10.3.0.201811011841/tools/bin/../lib/gcc/arm-none-eabi/7.3.1/thumb/v7e-m/fpv4-sp/hard\libcr_eabihelpers.a(memcpy.o)
                0x00005d60                __aeabi_lowlevel_memset
 .text.__sys_close
                0x00005d92        0xc c:/nxp/mcuxpressoide_10.3.1_2233/ide/plugins/com.nxp.mcuxpresso.tools.win32_10.3.0.201811011841/tools/bin/../lib/gcc/arm-none-eabi/7.3.1/../../../../arm-none-eabi/lib/thumb/v7e-m/fpv4-sp/hard\libcr_semihost_nf.a(__sys_close.o)
                0x00005d92                __sys_close
 .text.__sys_flen
                0x00005d9e        0xc c:/nxp/mcuxpressoide_10.3.1_2233/ide/plugins/com.nxp.mcuxpresso.tools.win32_10.3.0.201811011841/tools/bin/../lib/gcc/arm-none-eabi/7.3.1/../../../../arm-none-eabi/lib/thumb/v7e-m/fpv4-sp/hard\libcr_semihost_nf.a(__sys_flen.o)
                0x00005d9e                __sys_flen
 .text.__sys_istty
                0x00005daa        0xc c:/nxp/mcuxpressoide_10.3.1_2233/ide/plugins/com.nxp.mcuxpresso.tools.win32_10.3.0.201811011841/tools/bin/../lib/gcc/arm-none-eabi/7.3.1/../../../../arm-none-eabi/lib/thumb/v7e-m/fpv4-sp/hard\libcr_semihost_nf.a(__sys_istty.o)
                0x00005daa                __sys_istty
 .text.__sys_remove
                0x00005db6        0xc c:/nxp/mcuxpressoide_10.3.1_2233/ide/plugins/com.nxp.mcuxpresso.tools.win32_10.3.0.201811011841/tools/bin/../lib/gcc/arm-none-eabi/7.3.1/../../../../arm-none-eabi/lib/thumb/v7e-m/fpv4-sp/hard\libcr_semihost_nf.a(__sys_remove.o)
                0x00005db6                __sys_remove
 .text.__sys_seek
                0x00005dc2        0xc c:/nxp/mcuxpressoide_10.3.1_2233/ide/plugins/com.nxp.mcuxpresso.tools.win32_10.3.0.201811011841/tools/bin/../lib/gcc/arm-none-eabi/7.3.1/../../../../arm-none-eabi/lib/thumb/v7e-m/fpv4-sp/hard\libcr_semihost_nf.a(__sys_seek.o)
                0x00005dc2                __sys_seek
 .text.__sys_tmpnam
                0x00005dce        0xc c:/nxp/mcuxpressoide_10.3.1_2233/ide/plugins/com.nxp.mcuxpresso.tools.win32_10.3.0.201811011841/tools/bin/../lib/gcc/arm-none-eabi/7.3.1/../../../../arm-none-eabi/lib/thumb/v7e-m/fpv4-sp/hard\libcr_semihost_nf.a(__sys_tmpnam.o)
                0x00005dce                __sys_tmpnam
 .text.__sys_write
                0x00005dda        0xc c:/nxp/mcuxpressoide_10.3.1_2233/ide/plugins/com.nxp.mcuxpresso.tools.win32_10.3.0.201811011841/tools/bin/../lib/gcc/arm-none-eabi/7.3.1/../../../../arm-none-eabi/lib/thumb/v7e-m/fpv4-sp/hard\libcr_semihost_nf.a(__sys_write.o)
                0x00005dda                __sys_write
 *fill*         0x00005de6        0x2 ff
 .text.__sys_write.__stub
                0x00005de8        0x8 linker stubs
 *(SORT_BY_ALIGNMENT(.rodata) SORT_BY_ALIGNMENT(.rodata.*) SORT_BY_ALIGNMENT(.constdata) SORT_BY_ALIGNMENT(.constdata.*))
 *fill*         0x00005df0        0x0 ff
 .rodata.__huge_vall
                0x00005df0        0x8 c:/nxp/mcuxpressoide_10.3.1_2233/ide/plugins/com.nxp.mcuxpresso.tools.win32_10.3.0.201811011841/tools/bin/../lib/gcc/arm-none-eabi/7.3.1/../../../../arm-none-eabi/lib/thumb/v7e-m/fpv4-sp/hard\libcr_c.a(_hugeval.o)
                0x00005df0                __huge_vall
 .rodata        0x00005df8      0x1e2 ./power_mode_switch/power_mode_switch.o
 *fill*         0x00005fda        0x2 ff
 .rodata.s_adcScanInterval
                0x00005fdc        0x8 ./drivers/fsl_adc.o
 .rodata.s_adcVrefVinnBias
                0x00005fe4        0x8 ./drivers/fsl_adc.o
 .rodata.s_adcClock
                0x00005fec        0x8 ./drivers/fsl_adc.o
 .rodata.s_adcBias
                0x00005ff4       0x20 ./drivers/fsl_adc.o
 .rodata.s_adcPgaBias
                0x00006014       0xa0 ./drivers/fsl_adc.o
 .rodata        0x000060b4       0x6a ./drivers/fsl_adc.o
 *fill*         0x0000611e        0x2 ff
 .rodata.s_flexcommBaseAddrs
                0x00006120       0x10 ./drivers/fsl_flexcomm.o
 .rodata.s_flexcommClocks
                0x00006130        0x4 ./drivers/fsl_flexcomm.o
 .rodata        0x00006134      0x108 ./drivers/fsl_flexcomm.o
 .rodata.s_spiBaseAddrs
                0x0000623c        0x8 ./drivers/fsl_spi.o
 .rodata        0x00006244      0x632 ./drivers/fsl_spi.o
 *fill*         0x00006876        0x2 ff
 .rodata        0x00006878      0x5d0 ./drivers/fsl_usart.o
 .rodata        0x00006e48       0x30 ./board/board.o
 .rodata        0x00006e78       0x5c ./board/pin_mux.o
 .rodata.__num_Ciob_streams
                0x00006ed4        0x4 c:/nxp/mcuxpressoide_10.3.1_2233/ide/plugins/com.nxp.mcuxpresso.tools.win32_10.3.0.201811011841/tools/bin/../lib/gcc/arm-none-eabi/7.3.1/../../../../arm-none-eabi/lib/thumb/v7e-m/fpv4-sp/hard\libcr_semihost_nf.a(__ciob.o)
                0x00006ed4                __num_Ciob_streams
 .rodata.__assertion_failed.str1.1
                0x00006ed8       0x15 c:/nxp/mcuxpressoide_10.3.1_2233/ide/plugins/com.nxp.mcuxpresso.tools.win32_10.3.0.201811011841/tools/bin/../lib/gcc/arm-none-eabi/7.3.1/../../../../arm-none-eabi/lib/thumb/v7e-m/fpv4-sp/hard\libcr_semihost_nf.a(_cr_assert.o)
 .rodata._Csys_alloc.str1.1
                0x00006eed       0x18 c:/nxp/mcuxpressoide_10.3.1_2233/ide/plugins/com.nxp.mcuxpresso.tools.win32_10.3.0.201811011841/tools/bin/../lib/gcc/arm-none-eabi/7.3.1/../../../../arm-none-eabi/lib/thumb/v7e-m/fpv4-sp/hard\libcr_c.a(alloc.o)
 .rodata.fp_display.str1.1
                0x00006f05       0x32 c:/nxp/mcuxpressoide_10.3.1_2233/ide/plugins/com.nxp.mcuxpresso.tools.win32_10.3.0.201811011841/tools/bin/../lib/gcc/arm-none-eabi/7.3.1/../../../../arm-none-eabi/lib/thumb/v7e-m/fpv4-sp/hard\libcr_c.a(fpprintf.o)
                                 0x35 (size before relaxing)
 .rodata._initio.str1.1
                0x00006f37        0x4 c:/nxp/mcuxpressoide_10.3.1_2233/ide/plugins/com.nxp.mcuxpresso.tools.win32_10.3.0.201811011841/tools/bin/../lib/gcc/arm-none-eabi/7.3.1/../../../../arm-none-eabi/lib/thumb/v7e-m/fpv4-sp/hard\libcr_c.a(initio.o)
 .rodata.__vfprintf.str1.1
                0x00006f3b       0x31 c:/nxp/mcuxpressoide_10.3.1_2233/ide/plugins/com.nxp.mcuxpresso.tools.win32_10.3.0.201811011841/tools/bin/../lib/gcc/arm-none-eabi/7.3.1/../../../../arm-none-eabi/lib/thumb/v7e-m/fpv4-sp/hard\libcr_c.a(printf.o)
                                 0x38 (size before relaxing)
                0x00006f6c                . = ALIGN (0x4)

.glue_7         0x00006f6c        0x0
 .glue_7        0x00006f6c        0x0 linker stubs

.glue_7t        0x00006f6c        0x0
 .glue_7t       0x00006f6c        0x0 linker stubs

.vfp11_veneer   0x00006f6c        0x0
 .vfp11_veneer  0x00006f6c        0x0 linker stubs

.v4_bx          0x00006f6c        0x0
 .v4_bx         0x00006f6c        0x0 linker stubs

.iplt           0x00006f6c        0x0
 .iplt          0x00006f6c        0x0 ./utilities/fsl_debug_console.o

.ARM.extab
 *(SORT_BY_ALIGNMENT(.ARM.extab*) SORT_BY_ALIGNMENT(.gnu.linkonce.armextab.*))
                0x00006f6c                __exidx_start = .

.ARM.exidx
 *(SORT_BY_ALIGNMENT(.ARM.exidx*) SORT_BY_ALIGNMENT(.gnu.linkonce.armexidx.*))
                0x00006f6c                __exidx_end = .
                0x00006f6c                _etext = .

.uninit_RESERVED
                0x04000400        0x0
 *(SORT_BY_ALIGNMENT(.bss.$RESERVED*))
                0x04000400                . = ALIGN (0x4)
                0x04000400                _end_uninit_RESERVED = .

.data           0x04000400       0x80 load address 0x00006f6c
 FILL mask 0xff
                0x04000400                _data = .
 *(SORT_BY_ALIGNMENT(vtable))
 *(SORT_BY_ALIGNMENT(.ramfunc*))
 .ramfunc       0x04000400       0x80 ./drivers/fsl_power.o
                0x04000400                POWER_EnterPowerDownInRam
                0x0400042e                POWER_WakeupEntry
 *(SORT_BY_ALIGNMENT(.data*))
                0x04000480                . = ALIGN (0x4)
                0x04000480                _edata = .

.igot.plt       0x04000480        0x0 load address 0x00006fec
 .igot.plt      0x04000480        0x0 ./utilities/fsl_debug_console.o

.rel.dyn        0x04000480        0x0 load address 0x00006fec
 .rel.iplt      0x04000480        0x0 ./utilities/fsl_debug_console.o

.bss            0x04000480      0x140 load address 0x00006fec
                0x04000480                _bss = .
 *(SORT_BY_ALIGNMENT(.bss*))
 .bss.s_debugConsole
                0x04000480       0x10 ./utilities/fsl_debug_console.o
 .bss.g_AdcVinn
                0x04000490        0x4 ./power_mode_switch/power_mode_switch.o
                0x04000490                g_AdcVinn
 .bss.g_AdcBandgap
                0x04000494        0x4 ./power_mode_switch/power_mode_switch.o
                0x04000494                g_AdcBandgap
 .bss.srcBuff2  0x04000498        0x2 ./power_mode_switch/power_mode_switch.o
 *fill*         0x0400049a        0x2 
 .bss.destBuff2
                0x0400049c        0x2 ./power_mode_switch/power_mode_switch.o
 *fill*         0x0400049e        0x2 
 .bss.srcBuff3  0x040004a0        0x6 ./power_mode_switch/power_mode_switch.o
 *fill*         0x040004a6        0x2 
 .bss.destBuff3
                0x040004a8        0x6 ./power_mode_switch/power_mode_switch.o
 *fill*         0x040004ae        0x2 
 .bss.srcBuff4  0x040004b0        0x6 ./power_mode_switch/power_mode_switch.o
 *fill*         0x040004b6        0x2 
 .bss.destBuff4
                0x040004b8        0x6 ./power_mode_switch/power_mode_switch.o
 *fill*         0x040004be        0x2 
 .bss.srcBuff5  0x040004c0        0x1 ./power_mode_switch/power_mode_switch.o
 *fill*         0x040004c1        0x3 
 .bss.destBuff5
                0x040004c4        0x1 ./power_mode_switch/power_mode_switch.o
 *fill*         0x040004c5        0x3 
 .bss.clk_ref_cnt
                0x040004c8        0x2 ./drivers/fsl_clock.o
 *fill*         0x040004ca        0x2 
 .bss.s_flexcommIrqHandler
                0x040004cc       0x10 ./drivers/fsl_flexcomm.o
 .bss.s_flexcommHandle
                0x040004dc       0x10 ./drivers/fsl_flexcomm.o
 .bss.g_StackInfo
                0x040004ec        0x8 ./drivers/fsl_power.o
                0x040004ec                g_StackInfo
 .bss.g_configs
                0x040004f4        0x4 ./drivers/fsl_spi.o
 .bss.__Ciob    0x040004f8       0xb4 c:/nxp/mcuxpressoide_10.3.1_2233/ide/plugins/com.nxp.mcuxpresso.tools.win32_10.3.0.201811011841/tools/bin/../lib/gcc/arm-none-eabi/7.3.1/../../../../arm-none-eabi/lib/thumb/v7e-m/fpv4-sp/hard\libcr_semihost_nf.a(__ciob.o)
                0x040004f8                __Ciob
 .bss.__end_of_heap
                0x040005ac        0x4 c:/nxp/mcuxpressoide_10.3.1_2233/ide/plugins/com.nxp.mcuxpresso.tools.win32_10.3.0.201811011841/tools/bin/../lib/gcc/arm-none-eabi/7.3.1/../../../../arm-none-eabi/lib/thumb/v7e-m/fpv4-sp/hard\libcr_c.a(__init_alloc.o)
                0x040005ac                __end_of_heap
 .bss.__heaps   0x040005b0        0x4 c:/nxp/mcuxpressoide_10.3.1_2233/ide/plugins/com.nxp.mcuxpresso.tools.win32_10.3.0.201811011841/tools/bin/../lib/gcc/arm-none-eabi/7.3.1/../../../../arm-none-eabi/lib/thumb/v7e-m/fpv4-sp/hard\libcr_c.a(__init_alloc.o)
                0x040005b0                __heaps
 .bss.errno     0x040005b4        0x4 c:/nxp/mcuxpressoide_10.3.1_2233/ide/plugins/com.nxp.mcuxpresso.tools.win32_10.3.0.201811011841/tools/bin/../lib/gcc/arm-none-eabi/7.3.1/../../../../arm-none-eabi/lib/thumb/v7e-m/fpv4-sp/hard\libcr_c.a(errno.o)
                0x040005b4                errno
 .bss.g_RtcFreeRunningFlag
                0x040005b8        0x1 ./power_mode_switch/power_mode_switch.o
                0x040005b8                g_RtcFreeRunningFlag
 .bss.test      0x040005b9        0x1 ./power_mode_switch/power_mode_switch.o
 .bss.digit1    0x040005ba        0x1 ./power_mode_switch/power_mode_switch.o
 .bss.digit2    0x040005bb        0x1 ./power_mode_switch/power_mode_switch.o
 .bss.seconds   0x040005bc        0x1 ./power_mode_switch/power_mode_switch.o
 .bss.adc4      0x040005bd        0x1 ./power_mode_switch/power_mode_switch.o
 .bss.mem_loc   0x040005be        0x1 ./power_mode_switch/power_mode_switch.o
 *(SORT_BY_ALIGNMENT(COMMON))
                0x040005c0                . = ALIGN (0x4)
 *fill*         0x040005bf        0x1 
                0x040005c0                _ebss = .
                [!provide]                PROVIDE (end = .)

.noinit         0x040005c0        0x0 load address 0x00006fec
                0x040005c0                _noinit = .
 *(SORT_BY_ALIGNMENT(.noinit*))
                0x040005c0                . = ALIGN (0x4)
                0x040005c0                _end_noinit = .
                0x00000100                _HeapSize = 0x100

.heap           0x040005c0      0x100 load address 0x00006fec
                0x040005c0                _pvHeapStart = .
                0x040006c0                . = (. + _HeapSize)
 *fill*         0x040005c0      0x100 
                0x040006c0                . = ALIGN (0x4)
                0x040006c0                _pvHeapLimit = .
                0x00000800                _StackSize = 0x800

.stack          0x040006c0      0x800 load address 0x00006fec
                0x040006c0                _vStackBase = .
                0x04000ec0                . = (. + _StackSize)
 *fill*         0x040006c0      0x800 
                0x04000ec0                . = ALIGN (0x4)
                0x04000ec0                _vStackTop = .
                0x00000000                _image_start = LOADADDR (.text)
                0x00006fec                _image_end = (LOADADDR (.data) + SIZEOF (.data))
                0x00006fec                _image_size = (_image_end - _image_start)
OUTPUT(qn908xcdktest_demo_apps_power_mode_switch.axf elf32-littlearm)

.debug_info     0x00000000     0xb682
 .debug_info    0x00000000      0x939 ./utilities/fsl_debug_console.o
 .debug_info    0x00000939      0x6da ./startup/startup_qn908xc.o
 .debug_info    0x00001013       0x37 ./source/semihost_hardfault.o
 .debug_info    0x0000104a     0x2137 ./power_mode_switch/power_mode_switch.o
 .debug_info    0x00003181     0x1490 ./drivers/fsl_adc.o
 .debug_info    0x00004611      0xa6f ./drivers/fsl_calibration.o
 .debug_info    0x00005080      0xc4b ./drivers/fsl_clock.o
 .debug_info    0x00005ccb      0x839 ./drivers/fsl_flexcomm.o
 .debug_info    0x00006504      0xed3 ./drivers/fsl_power.o
 .debug_info    0x000073d7      0x62e ./drivers/fsl_rtc.o
 .debug_info    0x00007a05     0x13ac ./drivers/fsl_spi.o
 .debug_info    0x00008db1     0x1272 ./drivers/fsl_usart.o
 .debug_info    0x0000a023      0x483 ./board/board.o
 .debug_info    0x0000a4a6      0x1aa ./board/clock_config.o
 .debug_info    0x0000a650      0x54a ./board/pin_mux.o
 .debug_info    0x0000ab9a      0xae8 ./CMSIS/system_QN908XC.o

.debug_abbrev   0x00000000     0x202a
 .debug_abbrev  0x00000000      0x1dc ./utilities/fsl_debug_console.o
 .debug_abbrev  0x000001dc      0x171 ./startup/startup_qn908xc.o
 .debug_abbrev  0x0000034d       0x2c ./source/semihost_hardfault.o
 .debug_abbrev  0x00000379      0x320 ./power_mode_switch/power_mode_switch.o
 .debug_abbrev  0x00000699      0x322 ./drivers/fsl_adc.o
 .debug_abbrev  0x000009bb      0x1b1 ./drivers/fsl_calibration.o
 .debug_abbrev  0x00000b6c      0x35c ./drivers/fsl_clock.o
 .debug_abbrev  0x00000ec8      0x1cd ./drivers/fsl_flexcomm.o
 .debug_abbrev  0x00001095      0x359 ./drivers/fsl_power.o
 .debug_abbrev  0x000013ee      0x21d ./drivers/fsl_rtc.o
 .debug_abbrev  0x0000160b      0x293 ./drivers/fsl_spi.o
 .debug_abbrev  0x0000189e      0x324 ./drivers/fsl_usart.o
 .debug_abbrev  0x00001bc2      0x150 ./board/board.o
 .debug_abbrev  0x00001d12       0xc4 ./board/clock_config.o
 .debug_abbrev  0x00001dd6      0x12e ./board/pin_mux.o
 .debug_abbrev  0x00001f04      0x126 ./CMSIS/system_QN908XC.o

.debug_aranges  0x00000000      0x900
 .debug_aranges
                0x00000000       0x28 ./utilities/fsl_debug_console.o
 .debug_aranges
                0x00000028      0x220 ./startup/startup_qn908xc.o
 .debug_aranges
                0x00000248       0x20 ./source/semihost_hardfault.o
 .debug_aranges
                0x00000268       0xc8 ./power_mode_switch/power_mode_switch.o
 .debug_aranges
                0x00000330       0xc8 ./drivers/fsl_adc.o
 .debug_aranges
                0x000003f8       0x58 ./drivers/fsl_calibration.o
 .debug_aranges
                0x00000450       0xd8 ./drivers/fsl_clock.o
 .debug_aranges
                0x00000528       0x60 ./drivers/fsl_flexcomm.o
 .debug_aranges
                0x00000588       0xc0 ./drivers/fsl_power.o
 .debug_aranges
                0x00000648       0x80 ./drivers/fsl_rtc.o
 .debug_aranges
                0x000006c8       0xc8 ./drivers/fsl_spi.o
 .debug_aranges
                0x00000790       0xd0 ./drivers/fsl_usart.o
 .debug_aranges
                0x00000860       0x20 ./board/board.o
 .debug_aranges
                0x00000880       0x30 ./board/clock_config.o
 .debug_aranges
                0x000008b0       0x28 ./board/pin_mux.o
 .debug_aranges
                0x000008d8       0x28 ./CMSIS/system_QN908XC.o

.debug_ranges   0x00000000      0x818
 .debug_ranges  0x00000000       0x18 ./utilities/fsl_debug_console.o
 .debug_ranges  0x00000018      0x210 ./startup/startup_qn908xc.o
 .debug_ranges  0x00000228       0x10 ./source/semihost_hardfault.o
 .debug_ranges  0x00000238       0xb8 ./power_mode_switch/power_mode_switch.o
 .debug_ranges  0x000002f0       0xb8 ./drivers/fsl_adc.o
 .debug_ranges  0x000003a8       0x48 ./drivers/fsl_calibration.o
 .debug_ranges  0x000003f0       0xc8 ./drivers/fsl_clock.o
 .debug_ranges  0x000004b8       0x50 ./drivers/fsl_flexcomm.o
 .debug_ranges  0x00000508       0xb0 ./drivers/fsl_power.o
 .debug_ranges  0x000005b8       0x70 ./drivers/fsl_rtc.o
 .debug_ranges  0x00000628       0xd0 ./drivers/fsl_spi.o
 .debug_ranges  0x000006f8       0xc0 ./drivers/fsl_usart.o
 .debug_ranges  0x000007b8       0x10 ./board/board.o
 .debug_ranges  0x000007c8       0x20 ./board/clock_config.o
 .debug_ranges  0x000007e8       0x18 ./board/pin_mux.o
 .debug_ranges  0x00000800       0x18 ./CMSIS/system_QN908XC.o

.debug_line     0x00000000     0x39a0
 .debug_line    0x00000000      0x215 ./utilities/fsl_debug_console.o
 .debug_line    0x00000215      0x5b8 ./startup/startup_qn908xc.o
 .debug_line    0x000007cd       0x54 ./source/semihost_hardfault.o
 .debug_line    0x00000821      0x54a ./power_mode_switch/power_mode_switch.o
 .debug_line    0x00000d6b      0x48a ./drivers/fsl_adc.o
 .debug_line    0x000011f5      0x2e7 ./drivers/fsl_calibration.o
 .debug_line    0x000014dc      0x4b4 ./drivers/fsl_clock.o
 .debug_line    0x00001990      0x2a1 ./drivers/fsl_flexcomm.o
 .debug_line    0x00001c31      0x452 ./drivers/fsl_power.o
 .debug_line    0x00002083      0x3ab ./drivers/fsl_rtc.o
 .debug_line    0x0000242e      0x6d3 ./drivers/fsl_spi.o
 .debug_line    0x00002b01      0x6da ./drivers/fsl_usart.o
 .debug_line    0x000031db      0x1c7 ./board/board.o
 .debug_line    0x000033a2      0x1db ./board/clock_config.o
 .debug_line    0x0000357d      0x225 ./board/pin_mux.o
 .debug_line    0x000037a2      0x1fe ./CMSIS/system_QN908XC.o

.debug_str      0x00000000     0x4faf
 .debug_str     0x00000000      0xd2a ./utilities/fsl_debug_console.o
                                0xda7 (size before relaxing)
 .debug_str     0x00000d2a      0x58b ./startup/startup_qn908xc.o
                                0x79a (size before relaxing)
 .debug_str     0x000012b5       0x1f ./source/semihost_hardfault.o
                                0x182 (size before relaxing)
 .debug_str     0x000012d4     0x2189 ./power_mode_switch/power_mode_switch.o
                               0x2dd8 (size before relaxing)
 .debug_str     0x0000345d      0x26e ./drivers/fsl_adc.o
                               0x1e29 (size before relaxing)
 .debug_str     0x000036cb      0x4f3 ./drivers/fsl_calibration.o
                                0xa13 (size before relaxing)
 .debug_str     0x00003bbe      0x2d8 ./drivers/fsl_clock.o
                                0xf6d (size before relaxing)
 .debug_str     0x00003e96      0x210 ./drivers/fsl_flexcomm.o
                                0xe9c (size before relaxing)
 .debug_str     0x000040a6      0x2b1 ./drivers/fsl_power.o
                                0xf9c (size before relaxing)
 .debug_str     0x00004357      0x1e6 ./drivers/fsl_rtc.o
                                0x5de (size before relaxing)
 .debug_str     0x0000453d      0x3d4 ./drivers/fsl_spi.o
                               0x1594 (size before relaxing)
 .debug_str     0x00004911      0x4fd ./drivers/fsl_usart.o
                               0x1597 (size before relaxing)
 .debug_str     0x00004e0e       0x28 ./board/board.o
                                0x579 (size before relaxing)
 .debug_str     0x00004e36       0x55 ./board/clock_config.o
                                0x3e5 (size before relaxing)
 .debug_str     0x00004e8b       0xc8 ./board/pin_mux.o
                                0x556 (size before relaxing)
 .debug_str     0x00004f53       0x5c ./CMSIS/system_QN908XC.o
                                0x8ba (size before relaxing)

.comment        0x00000000       0x7f
 .comment       0x00000000       0x7f ./utilities/fsl_debug_console.o
                                 0x80 (size before relaxing)
 .comment       0x0000007f       0x80 ./startup/startup_qn908xc.o
 .comment       0x0000007f       0x80 ./source/semihost_hardfault.o
 .comment       0x0000007f       0x80 ./power_mode_switch/power_mode_switch.o
 .comment       0x0000007f       0x80 ./drivers/fsl_adc.o
 .comment       0x0000007f       0x80 ./drivers/fsl_calibration.o
 .comment       0x0000007f       0x80 ./drivers/fsl_clock.o
 .comment       0x0000007f       0x80 ./drivers/fsl_flexcomm.o
 .comment       0x0000007f       0x80 ./drivers/fsl_power.o
 .comment       0x0000007f       0x80 ./drivers/fsl_rtc.o
 .comment       0x0000007f       0x80 ./drivers/fsl_spi.o
 .comment       0x0000007f       0x80 ./drivers/fsl_usart.o
 .comment       0x0000007f       0x80 ./board/board.o
 .comment       0x0000007f       0x80 ./board/clock_config.o
 .comment       0x0000007f       0x80 ./board/pin_mux.o
 .comment       0x0000007f       0x80 ./CMSIS/system_QN908XC.o
 .comment       0x0000007f       0x80 c:/nxp/mcuxpressoide_10.3.1_2233/ide/plugins/com.nxp.mcuxpresso.tools.win32_10.3.0.201811011841/tools/bin/../lib/gcc/arm-none-eabi/7.3.1/../../../../arm-none-eabi/lib/thumb/v7e-m/fpv4-sp/hard\libcr_semihost_nf.a(_cr__main.o)
 .comment       0x0000007f       0x80 c:/nxp/mcuxpressoide_10.3.1_2233/ide/plugins/com.nxp.mcuxpresso.tools.win32_10.3.0.201811011841/tools/bin/../lib/gcc/arm-none-eabi/7.3.1/../../../../arm-none-eabi/lib/thumb/v7e-m/fpv4-sp/hard\libcr_semihost_nf.a(_cr_assert.o)
 .comment       0x0000007f       0x80 c:/nxp/mcuxpressoide_10.3.1_2233/ide/plugins/com.nxp.mcuxpresso.tools.win32_10.3.0.201811011841/tools/bin/../lib/gcc/arm-none-eabi/7.3.1/../../../../arm-none-eabi/lib/thumb/v7e-m/fpv4-sp/hard\libcr_semihost_nf.a(__ciob.o)
 .comment       0x0000007f       0x80 c:/nxp/mcuxpressoide_10.3.1_2233/ide/plugins/com.nxp.mcuxpresso.tools.win32_10.3.0.201811011841/tools/bin/../lib/gcc/arm-none-eabi/7.3.1/../../../../arm-none-eabi/lib/thumb/v7e-m/fpv4-sp/hard\libcr_c.a(memset.o)
 .comment       0x0000007f       0x80 c:/nxp/mcuxpressoide_10.3.1_2233/ide/plugins/com.nxp.mcuxpresso.tools.win32_10.3.0.201811011841/tools/bin/../lib/gcc/arm-none-eabi/7.3.1/../../../../arm-none-eabi/lib/thumb/v7e-m/fpv4-sp/hard\libcr_c.a(_deferredlazyseek.o)
 .comment       0x0000007f       0x80 c:/nxp/mcuxpressoide_10.3.1_2233/ide/plugins/com.nxp.mcuxpresso.tools.win32_10.3.0.201811011841/tools/bin/../lib/gcc/arm-none-eabi/7.3.1/../../../../arm-none-eabi/lib/thumb/v7e-m/fpv4-sp/hard\libcr_c.a(_fflush.o)
 .comment       0x0000007f       0x80 c:/nxp/mcuxpressoide_10.3.1_2233/ide/plugins/com.nxp.mcuxpresso.tools.win32_10.3.0.201811011841/tools/bin/../lib/gcc/arm-none-eabi/7.3.1/../../../../arm-none-eabi/lib/thumb/v7e-m/fpv4-sp/hard\libcr_c.a(_writebuf.o)
 .comment       0x0000007f       0x80 c:/nxp/mcuxpressoide_10.3.1_2233/ide/plugins/com.nxp.mcuxpresso.tools.win32_10.3.0.201811011841/tools/bin/../lib/gcc/arm-none-eabi/7.3.1/../../../../arm-none-eabi/lib/thumb/v7e-m/fpv4-sp/hard\libcr_c.a(alloc.o)
 .comment       0x0000007f       0x80 c:/nxp/mcuxpressoide_10.3.1_2233/ide/plugins/com.nxp.mcuxpresso.tools.win32_10.3.0.201811011841/tools/bin/../lib/gcc/arm-none-eabi/7.3.1/../../../../arm-none-eabi/lib/thumb/v7e-m/fpv4-sp/hard\libcr_c.a(fpprintf.o)
 .comment       0x0000007f       0x80 c:/nxp/mcuxpressoide_10.3.1_2233/ide/plugins/com.nxp.mcuxpresso.tools.win32_10.3.0.201811011841/tools/bin/../lib/gcc/arm-none-eabi/7.3.1/../../../../arm-none-eabi/lib/thumb/v7e-m/fpv4-sp/hard\libcr_c.a(fputs.o)
 .comment       0x0000007f       0x80 c:/nxp/mcuxpressoide_10.3.1_2233/ide/plugins/com.nxp.mcuxpresso.tools.win32_10.3.0.201811011841/tools/bin/../lib/gcc/arm-none-eabi/7.3.1/../../../../arm-none-eabi/lib/thumb/v7e-m/fpv4-sp/hard\libcr_c.a(fseek.o)
 .comment       0x0000007f       0x80 c:/nxp/mcuxpressoide_10.3.1_2233/ide/plugins/com.nxp.mcuxpresso.tools.win32_10.3.0.201811011841/tools/bin/../lib/gcc/arm-none-eabi/7.3.1/../../../../arm-none-eabi/lib/thumb/v7e-m/fpv4-sp/hard\libcr_c.a(ftell.o)
 .comment       0x0000007f       0x80 c:/nxp/mcuxpressoide_10.3.1_2233/ide/plugins/com.nxp.mcuxpresso.tools.win32_10.3.0.201811011841/tools/bin/../lib/gcc/arm-none-eabi/7.3.1/../../../../arm-none-eabi/lib/thumb/v7e-m/fpv4-sp/hard\libcr_c.a(initio.o)
 .comment       0x0000007f       0x80 c:/nxp/mcuxpressoide_10.3.1_2233/ide/plugins/com.nxp.mcuxpresso.tools.win32_10.3.0.201811011841/tools/bin/../lib/gcc/arm-none-eabi/7.3.1/../../../../arm-none-eabi/lib/thumb/v7e-m/fpv4-sp/hard\libcr_c.a(printf.o)
 .comment       0x0000007f       0x80 c:/nxp/mcuxpressoide_10.3.1_2233/ide/plugins/com.nxp.mcuxpresso.tools.win32_10.3.0.201811011841/tools/bin/../lib/gcc/arm-none-eabi/7.3.1/../../../../arm-none-eabi/lib/thumb/v7e-m/fpv4-sp/hard\libcr_c.a(setvbuf.o)
 .comment       0x0000007f       0x80 c:/nxp/mcuxpressoide_10.3.1_2233/ide/plugins/com.nxp.mcuxpresso.tools.win32_10.3.0.201811011841/tools/bin/../lib/gcc/arm-none-eabi/7.3.1/../../../../arm-none-eabi/lib/thumb/v7e-m/fpv4-sp/hard\libcr_c.a(strlen.o)
 .comment       0x0000007f       0x80 c:/nxp/mcuxpressoide_10.3.1_2233/ide/plugins/com.nxp.mcuxpresso.tools.win32_10.3.0.201811011841/tools/bin/../lib/gcc/arm-none-eabi/7.3.1/../../../../arm-none-eabi/lib/thumb/v7e-m/fpv4-sp/hard\libcr_c.a(__init_alloc.o)
 .comment       0x0000007f       0x80 c:/nxp/mcuxpressoide_10.3.1_2233/ide/plugins/com.nxp.mcuxpresso.tools.win32_10.3.0.201811011841/tools/bin/../lib/gcc/arm-none-eabi/7.3.1/../../../../arm-none-eabi/lib/thumb/v7e-m/fpv4-sp/hard\libcr_c.a(_cr_sbrk.o)
 .comment       0x0000007f       0x80 c:/nxp/mcuxpressoide_10.3.1_2233/ide/plugins/com.nxp.mcuxpresso.tools.win32_10.3.0.201811011841/tools/bin/../lib/gcc/arm-none-eabi/7.3.1/../../../../arm-none-eabi/lib/thumb/v7e-m/fpv4-sp/hard\libcr_c.a(_fdopen.o)
 .comment       0x0000007f       0x80 c:/nxp/mcuxpressoide_10.3.1_2233/ide/plugins/com.nxp.mcuxpresso.tools.win32_10.3.0.201811011841/tools/bin/../lib/gcc/arm-none-eabi/7.3.1/../../../../arm-none-eabi/lib/thumb/v7e-m/fpv4-sp/hard\libcr_c.a(_frexpl.o)
 .comment       0x0000007f       0x80 c:/nxp/mcuxpressoide_10.3.1_2233/ide/plugins/com.nxp.mcuxpresso.tools.win32_10.3.0.201811011841/tools/bin/../lib/gcc/arm-none-eabi/7.3.1/../../../../arm-none-eabi/lib/thumb/v7e-m/fpv4-sp/hard\libcr_c.a(_ldexpl.o)
 .comment       0x0000007f       0x80 c:/nxp/mcuxpressoide_10.3.1_2233/ide/plugins/com.nxp.mcuxpresso.tools.win32_10.3.0.201811011841/tools/bin/../lib/gcc/arm-none-eabi/7.3.1/../../../../arm-none-eabi/lib/thumb/v7e-m/fpv4-sp/hard\libcr_c.a(errno.o)
 .comment       0x0000007f       0x80 c:/nxp/mcuxpressoide_10.3.1_2233/ide/plugins/com.nxp.mcuxpresso.tools.win32_10.3.0.201811011841/tools/bin/../lib/gcc/arm-none-eabi/7.3.1/../../../../arm-none-eabi/lib/thumb/v7e-m/fpv4-sp/hard\libcr_c.a(fclose.o)
 .comment       0x0000007f       0x80 c:/nxp/mcuxpressoide_10.3.1_2233/ide/plugins/com.nxp.mcuxpresso.tools.win32_10.3.0.201811011841/tools/bin/../lib/gcc/arm-none-eabi/7.3.1/../../../../arm-none-eabi/lib/thumb/v7e-m/fpv4-sp/hard\libcr_c.a(fflush.o)
 .comment       0x0000007f       0x80 c:/nxp/mcuxpressoide_10.3.1_2233/ide/plugins/com.nxp.mcuxpresso.tools.win32_10.3.0.201811011841/tools/bin/../lib/gcc/arm-none-eabi/7.3.1/../../../../arm-none-eabi/lib/thumb/v7e-m/fpv4-sp/hard\libcr_c.a(remove.o)
 .comment       0x0000007f       0x80 c:/nxp/mcuxpressoide_10.3.1_2233/ide/plugins/com.nxp.mcuxpresso.tools.win32_10.3.0.201811011841/tools/bin/../lib/gcc/arm-none-eabi/7.3.1/../../../../arm-none-eabi/lib/thumb/v7e-m/fpv4-sp/hard\libcr_c.a(_cr_check_heap.o)
 .comment       0x0000007f       0x80 c:/nxp/mcuxpressoide_10.3.1_2233/ide/plugins/com.nxp.mcuxpresso.tools.win32_10.3.0.201811011841/tools/bin/../lib/gcc/arm-none-eabi/7.3.1/../../../../arm-none-eabi/lib/thumb/v7e-m/fpv4-sp/hard\libcr_c.a(_do_fflush.o)
 .comment       0x0000007f       0x80 c:/nxp/mcuxpressoide_10.3.1_2233/ide/plugins/com.nxp.mcuxpresso.tools.win32_10.3.0.201811011841/tools/bin/../lib/gcc/arm-none-eabi/7.3.1/../../../../arm-none-eabi/lib/thumb/v7e-m/fpv4-sp/hard\libcr_c.a(_hugeval.o)
 .comment       0x0000007f       0x80 c:/nxp/mcuxpressoide_10.3.1_2233/ide/plugins/com.nxp.mcuxpresso.tools.win32_10.3.0.201811011841/tools/bin/../lib/gcc/arm-none-eabi/7.3.1/thumb/v7e-m/fpv4-sp/hard\libcr_eabihelpers.a(double.o)
 .comment       0x0000007f       0x80 c:/nxp/mcuxpressoide_10.3.1_2233/ide/plugins/com.nxp.mcuxpresso.tools.win32_10.3.0.201811011841/tools/bin/../lib/gcc/arm-none-eabi/7.3.1/thumb/v7e-m/fpv4-sp/hard\libcr_eabihelpers.a(float.o)

.ARM.attributes
                0x00000000       0x37
 .ARM.attributes
                0x00000000       0x39 ./utilities/fsl_debug_console.o
 .ARM.attributes
                0x00000039       0x39 ./startup/startup_qn908xc.o
 .ARM.attributes
                0x00000072       0x39 ./source/semihost_hardfault.o
 .ARM.attributes
                0x000000ab       0x39 ./power_mode_switch/power_mode_switch.o
 .ARM.attributes
                0x000000e4       0x39 ./drivers/fsl_adc.o
 .ARM.attributes
                0x0000011d       0x39 ./drivers/fsl_calibration.o
 .ARM.attributes
                0x00000156       0x39 ./drivers/fsl_clock.o
 .ARM.attributes
                0x0000018f       0x39 ./drivers/fsl_flexcomm.o
 .ARM.attributes
                0x000001c8       0x39 ./drivers/fsl_power.o
 .ARM.attributes
                0x00000201       0x39 ./drivers/fsl_rtc.o
 .ARM.attributes
                0x0000023a       0x39 ./drivers/fsl_spi.o
 .ARM.attributes
                0x00000273       0x39 ./drivers/fsl_usart.o
 .ARM.attributes
                0x000002ac       0x39 ./board/board.o
 .ARM.attributes
                0x000002e5       0x39 ./board/clock_config.o
 .ARM.attributes
                0x0000031e       0x39 ./board/pin_mux.o
 .ARM.attributes
                0x00000357       0x39 ./CMSIS/system_QN908XC.o
 .ARM.attributes
                0x00000390       0x39 c:/nxp/mcuxpressoide_10.3.1_2233/ide/plugins/com.nxp.mcuxpresso.tools.win32_10.3.0.201811011841/tools/bin/../lib/gcc/arm-none-eabi/7.3.1/../../../../arm-none-eabi/lib/thumb/v7e-m/fpv4-sp/hard\libcr_semihost_nf.a(_cr__main.o)
 .ARM.attributes
                0x000003c9       0x39 c:/nxp/mcuxpressoide_10.3.1_2233/ide/plugins/com.nxp.mcuxpresso.tools.win32_10.3.0.201811011841/tools/bin/../lib/gcc/arm-none-eabi/7.3.1/../../../../arm-none-eabi/lib/thumb/v7e-m/fpv4-sp/hard\libcr_semihost_nf.a(_cr_assert.o)
 .ARM.attributes
                0x00000402       0x39 c:/nxp/mcuxpressoide_10.3.1_2233/ide/plugins/com.nxp.mcuxpresso.tools.win32_10.3.0.201811011841/tools/bin/../lib/gcc/arm-none-eabi/7.3.1/../../../../arm-none-eabi/lib/thumb/v7e-m/fpv4-sp/hard\libcr_semihost_nf.a(__ciob.o)
 .ARM.attributes
                0x0000043b       0x25 c:/nxp/mcuxpressoide_10.3.1_2233/ide/plugins/com.nxp.mcuxpresso.tools.win32_10.3.0.201811011841/tools/bin/../lib/gcc/arm-none-eabi/7.3.1/../../../../arm-none-eabi/lib/thumb/v7e-m/fpv4-sp/hard\libcr_semihost_nf.a(__sys_appexit.o)
 .ARM.attributes
                0x00000460       0x39 c:/nxp/mcuxpressoide_10.3.1_2233/ide/plugins/com.nxp.mcuxpresso.tools.win32_10.3.0.201811011841/tools/bin/../lib/gcc/arm-none-eabi/7.3.1/../../../../arm-none-eabi/lib/thumb/v7e-m/fpv4-sp/hard\libcr_c.a(memset.o)
 .ARM.attributes
                0x00000499       0x39 c:/nxp/mcuxpressoide_10.3.1_2233/ide/plugins/com.nxp.mcuxpresso.tools.win32_10.3.0.201811011841/tools/bin/../lib/gcc/arm-none-eabi/7.3.1/../../../../arm-none-eabi/lib/thumb/v7e-m/fpv4-sp/hard\libcr_c.a(_deferredlazyseek.o)
 .ARM.attributes
                0x000004d2       0x39 c:/nxp/mcuxpressoide_10.3.1_2233/ide/plugins/com.nxp.mcuxpresso.tools.win32_10.3.0.201811011841/tools/bin/../lib/gcc/arm-none-eabi/7.3.1/../../../../arm-none-eabi/lib/thumb/v7e-m/fpv4-sp/hard\libcr_c.a(_fflush.o)
 .ARM.attributes
                0x0000050b       0x39 c:/nxp/mcuxpressoide_10.3.1_2233/ide/plugins/com.nxp.mcuxpresso.tools.win32_10.3.0.201811011841/tools/bin/../lib/gcc/arm-none-eabi/7.3.1/../../../../arm-none-eabi/lib/thumb/v7e-m/fpv4-sp/hard\libcr_c.a(_writebuf.o)
 .ARM.attributes
                0x00000544       0x39 c:/nxp/mcuxpressoide_10.3.1_2233/ide/plugins/com.nxp.mcuxpresso.tools.win32_10.3.0.201811011841/tools/bin/../lib/gcc/arm-none-eabi/7.3.1/../../../../arm-none-eabi/lib/thumb/v7e-m/fpv4-sp/hard\libcr_c.a(alloc.o)
 .ARM.attributes
                0x0000057d       0x39 c:/nxp/mcuxpressoide_10.3.1_2233/ide/plugins/com.nxp.mcuxpresso.tools.win32_10.3.0.201811011841/tools/bin/../lib/gcc/arm-none-eabi/7.3.1/../../../../arm-none-eabi/lib/thumb/v7e-m/fpv4-sp/hard\libcr_c.a(fpprintf.o)
 .ARM.attributes
                0x000005b6       0x39 c:/nxp/mcuxpressoide_10.3.1_2233/ide/plugins/com.nxp.mcuxpresso.tools.win32_10.3.0.201811011841/tools/bin/../lib/gcc/arm-none-eabi/7.3.1/../../../../arm-none-eabi/lib/thumb/v7e-m/fpv4-sp/hard\libcr_c.a(fputs.o)
 .ARM.attributes
                0x000005ef       0x39 c:/nxp/mcuxpressoide_10.3.1_2233/ide/plugins/com.nxp.mcuxpresso.tools.win32_10.3.0.201811011841/tools/bin/../lib/gcc/arm-none-eabi/7.3.1/../../../../arm-none-eabi/lib/thumb/v7e-m/fpv4-sp/hard\libcr_c.a(fseek.o)
 .ARM.attributes
                0x00000628       0x39 c:/nxp/mcuxpressoide_10.3.1_2233/ide/plugins/com.nxp.mcuxpresso.tools.win32_10.3.0.201811011841/tools/bin/../lib/gcc/arm-none-eabi/7.3.1/../../../../arm-none-eabi/lib/thumb/v7e-m/fpv4-sp/hard\libcr_c.a(ftell.o)
 .ARM.attributes
                0x00000661       0x39 c:/nxp/mcuxpressoide_10.3.1_2233/ide/plugins/com.nxp.mcuxpresso.tools.win32_10.3.0.201811011841/tools/bin/../lib/gcc/arm-none-eabi/7.3.1/../../../../arm-none-eabi/lib/thumb/v7e-m/fpv4-sp/hard\libcr_c.a(initio.o)
 .ARM.attributes
                0x0000069a       0x39 c:/nxp/mcuxpressoide_10.3.1_2233/ide/plugins/com.nxp.mcuxpresso.tools.win32_10.3.0.201811011841/tools/bin/../lib/gcc/arm-none-eabi/7.3.1/../../../../arm-none-eabi/lib/thumb/v7e-m/fpv4-sp/hard\libcr_c.a(printf.o)
 .ARM.attributes
                0x000006d3       0x39 c:/nxp/mcuxpressoide_10.3.1_2233/ide/plugins/com.nxp.mcuxpresso.tools.win32_10.3.0.201811011841/tools/bin/../lib/gcc/arm-none-eabi/7.3.1/../../../../arm-none-eabi/lib/thumb/v7e-m/fpv4-sp/hard\libcr_c.a(setvbuf.o)
 .ARM.attributes
                0x0000070c       0x39 c:/nxp/mcuxpressoide_10.3.1_2233/ide/plugins/com.nxp.mcuxpresso.tools.win32_10.3.0.201811011841/tools/bin/../lib/gcc/arm-none-eabi/7.3.1/../../../../arm-none-eabi/lib/thumb/v7e-m/fpv4-sp/hard\libcr_c.a(strlen.o)
 .ARM.attributes
                0x00000745       0x39 c:/nxp/mcuxpressoide_10.3.1_2233/ide/plugins/com.nxp.mcuxpresso.tools.win32_10.3.0.201811011841/tools/bin/../lib/gcc/arm-none-eabi/7.3.1/../../../../arm-none-eabi/lib/thumb/v7e-m/fpv4-sp/hard\libcr_c.a(__init_alloc.o)
 .ARM.attributes
                0x0000077e       0x39 c:/nxp/mcuxpressoide_10.3.1_2233/ide/plugins/com.nxp.mcuxpresso.tools.win32_10.3.0.201811011841/tools/bin/../lib/gcc/arm-none-eabi/7.3.1/../../../../arm-none-eabi/lib/thumb/v7e-m/fpv4-sp/hard\libcr_c.a(_cr_sbrk.o)
 .ARM.attributes
                0x000007b7       0x39 c:/nxp/mcuxpressoide_10.3.1_2233/ide/plugins/com.nxp.mcuxpresso.tools.win32_10.3.0.201811011841/tools/bin/../lib/gcc/arm-none-eabi/7.3.1/../../../../arm-none-eabi/lib/thumb/v7e-m/fpv4-sp/hard\libcr_c.a(_fdopen.o)
 .ARM.attributes
                0x000007f0       0x39 c:/nxp/mcuxpressoide_10.3.1_2233/ide/plugins/com.nxp.mcuxpresso.tools.win32_10.3.0.201811011841/tools/bin/../lib/gcc/arm-none-eabi/7.3.1/../../../../arm-none-eabi/lib/thumb/v7e-m/fpv4-sp/hard\libcr_c.a(_frexpl.o)
 .ARM.attributes
                0x00000829       0x39 c:/nxp/mcuxpressoide_10.3.1_2233/ide/plugins/com.nxp.mcuxpresso.tools.win32_10.3.0.201811011841/tools/bin/../lib/gcc/arm-none-eabi/7.3.1/../../../../arm-none-eabi/lib/thumb/v7e-m/fpv4-sp/hard\libcr_c.a(_ldexpl.o)
 .ARM.attributes
                0x00000862       0x39 c:/nxp/mcuxpressoide_10.3.1_2233/ide/plugins/com.nxp.mcuxpresso.tools.win32_10.3.0.201811011841/tools/bin/../lib/gcc/arm-none-eabi/7.3.1/../../../../arm-none-eabi/lib/thumb/v7e-m/fpv4-sp/hard\libcr_c.a(errno.o)
 .ARM.attributes
                0x0000089b       0x39 c:/nxp/mcuxpressoide_10.3.1_2233/ide/plugins/com.nxp.mcuxpresso.tools.win32_10.3.0.201811011841/tools/bin/../lib/gcc/arm-none-eabi/7.3.1/../../../../arm-none-eabi/lib/thumb/v7e-m/fpv4-sp/hard\libcr_c.a(fclose.o)
 .ARM.attributes
                0x000008d4       0x39 c:/nxp/mcuxpressoide_10.3.1_2233/ide/plugins/com.nxp.mcuxpresso.tools.win32_10.3.0.201811011841/tools/bin/../lib/gcc/arm-none-eabi/7.3.1/../../../../arm-none-eabi/lib/thumb/v7e-m/fpv4-sp/hard\libcr_c.a(fflush.o)
 .ARM.attributes
                0x0000090d       0x39 c:/nxp/mcuxpressoide_10.3.1_2233/ide/plugins/com.nxp.mcuxpresso.tools.win32_10.3.0.201811011841/tools/bin/../lib/gcc/arm-none-eabi/7.3.1/../../../../arm-none-eabi/lib/thumb/v7e-m/fpv4-sp/hard\libcr_c.a(remove.o)
 .ARM.attributes
                0x00000946       0x39 c:/nxp/mcuxpressoide_10.3.1_2233/ide/plugins/com.nxp.mcuxpresso.tools.win32_10.3.0.201811011841/tools/bin/../lib/gcc/arm-none-eabi/7.3.1/../../../../arm-none-eabi/lib/thumb/v7e-m/fpv4-sp/hard\libcr_c.a(_cr_check_heap.o)
 .ARM.attributes
                0x0000097f       0x39 c:/nxp/mcuxpressoide_10.3.1_2233/ide/plugins/com.nxp.mcuxpresso.tools.win32_10.3.0.201811011841/tools/bin/../lib/gcc/arm-none-eabi/7.3.1/../../../../arm-none-eabi/lib/thumb/v7e-m/fpv4-sp/hard\libcr_c.a(_do_fflush.o)
 .ARM.attributes
                0x000009b8       0x39 c:/nxp/mcuxpressoide_10.3.1_2233/ide/plugins/com.nxp.mcuxpresso.tools.win32_10.3.0.201811011841/tools/bin/../lib/gcc/arm-none-eabi/7.3.1/../../../../arm-none-eabi/lib/thumb/v7e-m/fpv4-sp/hard\libcr_c.a(_hugeval.o)
 .ARM.attributes
                0x000009f1       0x25 c:/nxp/mcuxpressoide_10.3.1_2233/ide/plugins/com.nxp.mcuxpresso.tools.win32_10.3.0.201811011841/tools/bin/../lib/gcc/arm-none-eabi/7.3.1/thumb/v7e-m/fpv4-sp/hard\libcr_eabihelpers.a(division_64.o)
 .ARM.attributes
                0x00000a16       0x25 c:/nxp/mcuxpressoide_10.3.1_2233/ide/plugins/com.nxp.mcuxpresso.tools.win32_10.3.0.201811011841/tools/bin/../lib/gcc/arm-none-eabi/7.3.1/thumb/v7e-m/fpv4-sp/hard\libcr_eabihelpers.a(division_idiv0.o)
 .ARM.attributes
                0x00000a3b       0x39 c:/nxp/mcuxpressoide_10.3.1_2233/ide/plugins/com.nxp.mcuxpresso.tools.win32_10.3.0.201811011841/tools/bin/../lib/gcc/arm-none-eabi/7.3.1/thumb/v7e-m/fpv4-sp/hard\libcr_eabihelpers.a(double.o)
 .ARM.attributes
                0x00000a74       0x39 c:/nxp/mcuxpressoide_10.3.1_2233/ide/plugins/com.nxp.mcuxpresso.tools.win32_10.3.0.201811011841/tools/bin/../lib/gcc/arm-none-eabi/7.3.1/thumb/v7e-m/fpv4-sp/hard\libcr_eabihelpers.a(float.o)
 .ARM.attributes
                0x00000aad       0x25 c:/nxp/mcuxpressoide_10.3.1_2233/ide/plugins/com.nxp.mcuxpresso.tools.win32_10.3.0.201811011841/tools/bin/../lib/gcc/arm-none-eabi/7.3.1/thumb/v7e-m/fpv4-sp/hard\libcr_eabihelpers.a(memcpy.o)
 .ARM.attributes
                0x00000ad2       0x25 c:/nxp/mcuxpressoide_10.3.1_2233/ide/plugins/com.nxp.mcuxpresso.tools.win32_10.3.0.201811011841/tools/bin/../lib/gcc/arm-none-eabi/7.3.1/../../../../arm-none-eabi/lib/thumb/v7e-m/fpv4-sp/hard\libcr_semihost_nf.a(__sys_close.o)
 .ARM.attributes
                0x00000af7       0x25 c:/nxp/mcuxpressoide_10.3.1_2233/ide/plugins/com.nxp.mcuxpresso.tools.win32_10.3.0.201811011841/tools/bin/../lib/gcc/arm-none-eabi/7.3.1/../../../../arm-none-eabi/lib/thumb/v7e-m/fpv4-sp/hard\libcr_semihost_nf.a(__sys_flen.o)
 .ARM.attributes
                0x00000b1c       0x25 c:/nxp/mcuxpressoide_10.3.1_2233/ide/plugins/com.nxp.mcuxpresso.tools.win32_10.3.0.201811011841/tools/bin/../lib/gcc/arm-none-eabi/7.3.1/../../../../arm-none-eabi/lib/thumb/v7e-m/fpv4-sp/hard\libcr_semihost_nf.a(__sys_istty.o)
 .ARM.attributes
                0x00000b41       0x25 c:/nxp/mcuxpressoide_10.3.1_2233/ide/plugins/com.nxp.mcuxpresso.tools.win32_10.3.0.201811011841/tools/bin/../lib/gcc/arm-none-eabi/7.3.1/../../../../arm-none-eabi/lib/thumb/v7e-m/fpv4-sp/hard\libcr_semihost_nf.a(__sys_remove.o)
 .ARM.attributes
                0x00000b66       0x25 c:/nxp/mcuxpressoide_10.3.1_2233/ide/plugins/com.nxp.mcuxpresso.tools.win32_10.3.0.201811011841/tools/bin/../lib/gcc/arm-none-eabi/7.3.1/../../../../arm-none-eabi/lib/thumb/v7e-m/fpv4-sp/hard\libcr_semihost_nf.a(__sys_seek.o)
 .ARM.attributes
                0x00000b8b       0x25 c:/nxp/mcuxpressoide_10.3.1_2233/ide/plugins/com.nxp.mcuxpresso.tools.win32_10.3.0.201811011841/tools/bin/../lib/gcc/arm-none-eabi/7.3.1/../../../../arm-none-eabi/lib/thumb/v7e-m/fpv4-sp/hard\libcr_semihost_nf.a(__sys_tmpnam.o)
 .ARM.attributes
                0x00000bb0       0x25 c:/nxp/mcuxpressoide_10.3.1_2233/ide/plugins/com.nxp.mcuxpresso.tools.win32_10.3.0.201811011841/tools/bin/../lib/gcc/arm-none-eabi/7.3.1/../../../../arm-none-eabi/lib/thumb/v7e-m/fpv4-sp/hard\libcr_semihost_nf.a(__sys_write.o)

.debug_frame    0x00000000     0x20c4
 .debug_frame   0x00000000       0x50 ./utilities/fsl_debug_console.o
 .debug_frame   0x00000050      0x720 ./startup/startup_qn908xc.o
 .debug_frame   0x00000770       0x20 ./source/semihost_hardfault.o
 .debug_frame   0x00000790      0x330 ./power_mode_switch/power_mode_switch.o
 .debug_frame   0x00000ac0      0x35c ./drivers/fsl_adc.o
 .debug_frame   0x00000e1c      0x138 ./drivers/fsl_calibration.o
 .debug_frame   0x00000f54      0x368 ./drivers/fsl_clock.o
 .debug_frame   0x000012bc      0x138 ./drivers/fsl_flexcomm.o
 .debug_frame   0x000013f4      0x2dc ./drivers/fsl_power.o
 .debug_frame   0x000016d0      0x210 ./drivers/fsl_rtc.o
 .debug_frame   0x000018e0      0x340 ./drivers/fsl_spi.o
 .debug_frame   0x00001c20      0x360 ./drivers/fsl_usart.o
 .debug_frame   0x00001f80       0x34 ./board/board.o
 .debug_frame   0x00001fb4       0x64 ./board/clock_config.o
 .debug_frame   0x00002018       0x5c ./board/pin_mux.o
 .debug_frame   0x00002074       0x50 ./CMSIS/system_QN908XC.o
